[INFO] Scanning for projects...
[INFO] 
[INFO] ------------------------< com.esprit:Community >------------------------
[INFO] Building Community 0.0.1-SNAPSHOT
[INFO]   from pom.xml
[INFO] --------------------------------[ jar ]---------------------------------
[INFO] 
[INFO] >>> spring-boot:3.2.3:run (default-cli) > test-compile @ Community >>>
[INFO] 
[INFO] --- resources:3.3.1:resources (default-resources) @ Community ---
[INFO] Copying 1 resource from src\main\resources to target\classes
[INFO] Copying 0 resource from src\main\resources to target\classes
[INFO] 
[INFO] --- compiler:3.11.0:compile (default-compile) @ Community ---
[INFO] Nothing to compile - all classes are up to date
[INFO] 
[INFO] --- resources:3.3.1:testResources (default-testResources) @ Community ---
[INFO] skip non existing resourceDirectory C:\Users\PC\sahar-4SAE\Community 2\src\test\resources
[INFO] 
[INFO] --- compiler:3.11.0:testCompile (default-testCompile) @ Community ---
[INFO] Nothing to compile - all classes are up to date
[INFO] 
[INFO] <<< spring-boot:3.2.3:run (default-cli) < test-compile @ Community <<<
[INFO] 
[INFO] 
[INFO] --- spring-boot:3.2.3:run (default-cli) @ Community ---
[INFO] Attaching agents: []

  .   ____          _            __ _ _
 /\\ / ___'_ __ _ _(_)_ __  __ _ \ \ \ \
( ( )\___ | '_ | '_| | '_ \/ _` | \ \ \ \
 \\/  ___)| |_)| | | | | || (_| |  ) ) ) )
  '  |____| .__|_| |_|_| |_\__, | / / / /
 =========|_|==============|___/=/_/_/_/
 :: Spring Boot ::                (v3.2.3)

2026-03-04T23:48:24.596+01:00  INFO 28752 --- [COMMUNITY-SERVICE] [           main] com.esprit.examen.CommunityApplication   : Starting CommunityApplication using Java 17.0.12 with PID 28752 (C:\Users\PC\sahar-4SAE\Community 2\target\classes started by PC in C:\Users\PC\sahar-4SAE\Community 2)
2026-03-04T23:48:24.599+01:00  INFO 28752 --- [COMMUNITY-SERVICE] [           main] com.esprit.examen.CommunityApplication   : No active profile set, falling back to 1 default profile: "default"
2026-03-04T23:48:25.807+01:00  INFO 28752 --- [COMMUNITY-SERVICE] [           main] .s.d.r.c.RepositoryConfigurationDelegate : Bootstrapping Spring Data JPA repositories in DEFAULT mode.
2026-03-04T23:48:26.081+01:00  INFO 28752 --- [COMMUNITY-SERVICE] [           main] .s.d.r.c.RepositoryConfigurationDelegate : Finished Spring Data repository scanning in 264 ms. Found 11 JPA repository interfaces.
2026-03-04T23:48:26.544+01:00  INFO 28752 --- [COMMUNITY-SERVICE] [           main] o.s.cloud.context.scope.GenericScope     : BeanFactory id=7926e2bf-a9f3-357d-bf06-2a6c768322da
2026-03-04T23:48:26.791+01:00  WARN 28752 --- [COMMUNITY-SERVICE] [           main] trationDelegate$BeanPostProcessorChecker : Bean 'org.springframework.cloud.client.loadbalancer.LoadBalancerAutoConfiguration$LoadBalancerInterceptorConfig' of type [org.springframework.cloud.client.loadbalancer.LoadBalancerAutoConfiguration$LoadBalancerInterceptorConfig] is not eligible for getting processed by all BeanPostProcessors (for example: not eligible for auto-proxying). The currently created BeanPostProcessor [lbRestClientPostProcessor] is declared through a non-static factory method on that class; consider declaring it as static instead.
2026-03-04T23:48:26.794+01:00  WARN 28752 --- [COMMUNITY-SERVICE] [           main] trationDelegate$BeanPostProcessorChecker : Bean 'org.springframework.cloud.loadbalancer.config.BlockingLoadBalancerClientAutoConfiguration' of type [org.springframework.cloud.loadbalancer.config.BlockingLoadBalancerClientAutoConfiguration] is not eligible for getting processed by all BeanPostProcessors (for example: not eligible for auto-proxying). Is this bean getting eagerly injected into a currently created BeanPostProcessor [lbRestClientPostProcessor]? Check the corresponding BeanPostProcessor declaration and its dependencies.
2026-03-04T23:48:26.796+01:00  WARN 28752 --- [COMMUNITY-SERVICE] [           main] trationDelegate$BeanPostProcessorChecker : Bean 'org.springframework.cloud.loadbalancer.config.LoadBalancerAutoConfiguration' of type [org.springframework.cloud.loadbalancer.config.LoadBalancerAutoConfiguration] is not eligible for getting processed by all BeanPostProcessors (for example: not eligible for auto-proxying). Is this bean getting eagerly injected into a currently created BeanPostProcessor [lbRestClientPostProcessor]? Check the corresponding BeanPostProcessor declaration and its dependencies.
2026-03-04T23:48:26.813+01:00  WARN 28752 --- [COMMUNITY-SERVICE] [           main] trationDelegate$BeanPostProcessorChecker : Bean 'org.springframework.cloud.commons.config.CommonsConfigAutoConfiguration' of type [org.springframework.cloud.commons.config.CommonsConfigAutoConfiguration] is not eligible for getting processed by all BeanPostProcessors (for example: not eligible for auto-proxying). Is this bean getting eagerly injected into a currently created BeanPostProcessor [lbRestClientPostProcessor]? Check the corresponding BeanPostProcessor declaration and its dependencies.
2026-03-04T23:48:26.815+01:00  WARN 28752 --- [COMMUNITY-SERVICE] [           main] trationDelegate$BeanPostProcessorChecker : Bean 'org.springframework.cloud.client.loadbalancer.LoadBalancerDefaultMappingsProviderAutoConfiguration' of type [org.springframework.cloud.client.loadbalancer.LoadBalancerDefaultMappingsProviderAutoConfiguration] is not eligible for getting processed by all BeanPostProcessors (for example: not eligible for auto-proxying). Is this bean getting eagerly injected into a currently created BeanPostProcessor [lbRestClientPostProcessor]? Check the corresponding BeanPostProcessor declaration and its dependencies.
2026-03-04T23:48:26.817+01:00  WARN 28752 --- [COMMUNITY-SERVICE] [           main] trationDelegate$BeanPostProcessorChecker : Bean 'loadBalancerClientsDefaultsMappingsProvider' of type [org.springframework.cloud.client.loadbalancer.LoadBalancerDefaultMappingsProviderAutoConfiguration$$Lambda$585/0x0000016b813d69c8] is not eligible for getting processed by all BeanPostProcessors (for example: not eligible for auto-proxying). Is this bean getting eagerly injected into a currently created BeanPostProcessor [lbRestClientPostProcessor]? Check the corresponding BeanPostProcessor declaration and its dependencies.
2026-03-04T23:48:26.818+01:00  WARN 28752 --- [COMMUNITY-SERVICE] [           main] trationDelegate$BeanPostProcessorChecker : Bean 'defaultsBindHandlerAdvisor' of type [org.springframework.cloud.commons.config.DefaultsBindHandlerAdvisor] is not eligible for getting processed by all BeanPostProcessors (for example: not eligible for auto-proxying). Is this bean getting eagerly injected into a currently created BeanPostProcessor [lbRestClientPostProcessor]? Check the corresponding BeanPostProcessor declaration and its dependencies.
2026-03-04T23:48:26.828+01:00  WARN 28752 --- [COMMUNITY-SERVICE] [           main] trationDelegate$BeanPostProcessorChecker : Bean 'spring.cloud.loadbalancer-org.springframework.cloud.client.loadbalancer.LoadBalancerClientsProperties' of type [org.springframework.cloud.client.loadbalancer.LoadBalancerClientsProperties] is not eligible for getting processed by all BeanPostProcessors (for example: not eligible for auto-proxying). Is this bean getting eagerly injected into a currently created BeanPostProcessor [lbRestClientPostProcessor]? Check the corresponding BeanPostProcessor declaration and its dependencies.
2026-03-04T23:48:26.834+01:00  WARN 28752 --- [COMMUNITY-SERVICE] [           main] trationDelegate$BeanPostProcessorChecker : Bean 'default.org.springframework.cloud.loadbalancer.config.LoadBalancerAutoConfiguration.LoadBalancerClientSpecification' of type [org.springframework.cloud.loadbalancer.annotation.LoadBalancerClientSpecification] is not eligible for getting processed by all BeanPostProcessors (for example: not eligible for auto-proxying). Is this bean getting eagerly injected into a currently created BeanPostProcessor [lbRestClientPostProcessor]? Check the corresponding BeanPostProcessor declaration and its dependencies.
2026-03-04T23:48:26.836+01:00  WARN 28752 --- [COMMUNITY-SERVICE] [           main] trationDelegate$BeanPostProcessorChecker : Bean 'default.org.springframework.cloud.loadbalancer.config.BlockingLoadBalancerClientAutoConfiguration.LoadBalancerClientSpecification' of type [org.springframework.cloud.loadbalancer.annotation.LoadBalancerClientSpecification] is not eligible for getting processed by all BeanPostProcessors (for example: not eligible for auto-proxying). Is this bean getting eagerly injected into a currently created BeanPostProcessor [lbRestClientPostProcessor]? Check the corresponding BeanPostProcessor declaration and its dependencies.
2026-03-04T23:48:26.838+01:00  WARN 28752 --- [COMMUNITY-SERVICE] [           main] trationDelegate$BeanPostProcessorChecker : Bean 'default.org.springframework.cloud.netflix.eureka.loadbalancer.LoadBalancerEurekaAutoConfiguration.LoadBalancerClientSpecification' of type [org.springframework.cloud.loadbalancer.annotation.LoadBalancerClientSpecification] is not eligible for getting processed by all BeanPostProcessors (for example: not eligible for auto-proxying). Is this bean getting eagerly injected into a currently created BeanPostProcessor [lbRestClientPostProcessor]? Check the corresponding BeanPostProcessor declaration and its dependencies.
2026-03-04T23:48:26.840+01:00  WARN 28752 --- [COMMUNITY-SERVICE] [           main] trationDelegate$BeanPostProcessorChecker : Bean 'loadBalancerClientFactory' of type [org.springframework.cloud.loadbalancer.support.LoadBalancerClientFactory] is not eligible for getting processed by all BeanPostProcessors (for example: not eligible for auto-proxying). Is this bean getting eagerly injected into a currently created BeanPostProcessor [lbRestClientPostProcessor]? Check the corresponding BeanPostProcessor declaration and its dependencies.
2026-03-04T23:48:26.847+01:00  WARN 28752 --- [COMMUNITY-SERVICE] [           main] trationDelegate$BeanPostProcessorChecker : Bean 'blockingLoadBalancerClient' of type [org.springframework.cloud.loadbalancer.blocking.client.BlockingLoadBalancerClient] is not eligible for getting processed by all BeanPostProcessors (for example: not eligible for auto-proxying). Is this bean getting eagerly injected into a currently created BeanPostProcessor [lbRestClientPostProcessor]? Check the corresponding BeanPostProcessor declaration and its dependencies.
2026-03-04T23:48:26.858+01:00  WARN 28752 --- [COMMUNITY-SERVICE] [           main] trationDelegate$BeanPostProcessorChecker : Bean 'loadBalancerServiceInstanceCookieTransformer' of type [org.springframework.cloud.loadbalancer.core.LoadBalancerServiceInstanceCookieTransformer] is not eligible for getting processed by all BeanPostProcessors (for example: not eligible for auto-proxying). Is this bean getting eagerly injected into a currently created BeanPostProcessor [lbRestClientPostProcessor]? Check the corresponding BeanPostProcessor declaration and its dependencies.
2026-03-04T23:48:26.861+01:00  WARN 28752 --- [COMMUNITY-SERVICE] [           main] trationDelegate$BeanPostProcessorChecker : Bean 'xForwarderHeadersTransformer' of type [org.springframework.cloud.loadbalancer.blocking.XForwardedHeadersTransformer] is not eligible for getting processed by all BeanPostProcessors (for example: not eligible for auto-proxying). Is this bean getting eagerly injected into a currently created BeanPostProcessor [lbRestClientPostProcessor]? Check the corresponding BeanPostProcessor declaration and its dependencies.
2026-03-04T23:48:26.863+01:00  WARN 28752 --- [COMMUNITY-SERVICE] [           main] trationDelegate$BeanPostProcessorChecker : Bean 'org.springframework.cloud.client.loadbalancer.LoadBalancerAutoConfiguration' of type [org.springframework.cloud.client.loadbalancer.LoadBalancerAutoConfiguration] is not eligible for getting processed by all BeanPostProcessors (for example: not eligible for auto-proxying). Is this bean getting eagerly injected into a currently created BeanPostProcessor [lbRestClientPostProcessor]? Check the corresponding BeanPostProcessor declaration and its dependencies.
2026-03-04T23:48:26.867+01:00  WARN 28752 --- [COMMUNITY-SERVICE] [           main] trationDelegate$BeanPostProcessorChecker : Bean 'loadBalancerRequestFactory' of type [org.springframework.cloud.client.loadbalancer.LoadBalancerRequestFactory] is not eligible for getting processed by all BeanPostProcessors (for example: not eligible for auto-proxying). Is this bean getting eagerly injected into a currently created BeanPostProcessor [lbRestClientPostProcessor]? Check the corresponding BeanPostProcessor declaration and its dependencies.
2026-03-04T23:48:26.869+01:00  WARN 28752 --- [COMMUNITY-SERVICE] [           main] trationDelegate$BeanPostProcessorChecker : Bean 'loadBalancerInterceptor' of type [org.springframework.cloud.client.loadbalancer.LoadBalancerInterceptor] is not eligible for getting processed by all BeanPostProcessors (for example: not eligible for auto-proxying). Is this bean getting eagerly injected into a currently created BeanPostProcessor [lbRestClientPostProcessor]? Check the corresponding BeanPostProcessor declaration and its dependencies.
2026-03-04T23:48:27.246+01:00  INFO 28752 --- [COMMUNITY-SERVICE] [           main] o.s.b.w.embedded.tomcat.TomcatWebServer  : Tomcat initialized with port 8092 (http)
2026-03-04T23:48:27.268+01:00  INFO 28752 --- [COMMUNITY-SERVICE] [           main] o.apache.catalina.core.StandardService   : Starting service [Tomcat]
2026-03-04T23:48:27.268+01:00  INFO 28752 --- [COMMUNITY-SERVICE] [           main] o.apache.catalina.core.StandardEngine    : Starting Servlet engine: [Apache Tomcat/10.1.19]
2026-03-04T23:48:27.381+01:00  INFO 28752 --- [COMMUNITY-SERVICE] [           main] o.a.c.c.C.[Tomcat].[localhost].[/]       : Initializing Spring embedded WebApplicationContext
2026-03-04T23:48:27.382+01:00  INFO 28752 --- [COMMUNITY-SERVICE] [           main] w.s.c.ServletWebServerApplicationContext : Root WebApplicationContext: initialization completed in 2710 ms
2026-03-04T23:48:27.591+01:00  INFO 28752 --- [COMMUNITY-SERVICE] [           main] o.hibernate.jpa.internal.util.LogHelper  : HHH000204: Processing PersistenceUnitInfo [name: default]
2026-03-04T23:48:27.717+01:00  INFO 28752 --- [COMMUNITY-SERVICE] [           main] org.hibernate.Version                    : HHH000412: Hibernate ORM core version 6.4.4.Final
2026-03-04T23:48:27.776+01:00  INFO 28752 --- [COMMUNITY-SERVICE] [           main] o.h.c.internal.RegionFactoryInitiator    : HHH000026: Second-level cache disabled
2026-03-04T23:48:28.121+01:00  INFO 28752 --- [COMMUNITY-SERVICE] [           main] o.s.o.j.p.SpringPersistenceUnitInfo      : No LoadTimeWeaver setup: ignoring JPA class transformer
2026-03-04T23:48:28.166+01:00  INFO 28752 --- [COMMUNITY-SERVICE] [           main] com.zaxxer.hikari.HikariDataSource       : HikariPool-1 - Starting...
2026-03-04T23:48:28.362+01:00  INFO 28752 --- [COMMUNITY-SERVICE] [           main] com.zaxxer.hikari.pool.HikariPool        : HikariPool-1 - Added connection com.mysql.cj.jdbc.ConnectionImpl@319b1c77
2026-03-04T23:48:28.364+01:00  INFO 28752 --- [COMMUNITY-SERVICE] [           main] com.zaxxer.hikari.HikariDataSource       : HikariPool-1 - Start completed.
2026-03-04T23:48:28.415+01:00  WARN 28752 --- [COMMUNITY-SERVICE] [           main] org.hibernate.dialect.Dialect            : HHH000511: The 5.5.0 version for [org.hibernate.dialect.MySQLDialect] is no longer supported, hence certain features may not work properly. The minimum supported version is 8.0.0. Check the community dialects project for available legacy versions.
2026-03-04T23:48:28.422+01:00  WARN 28752 --- [COMMUNITY-SERVICE] [           main] org.hibernate.orm.deprecation            : HHH90000025: MySQLDialect does not need to be specified explicitly using 'hibernate.dialect' (remove the property setting and it will be selected by default)
2026-03-04T23:48:29.760+01:00  INFO 28752 --- [COMMUNITY-SERVICE] [           main] o.h.e.t.j.p.i.JtaPlatformInitiator       : HHH000489: No JTA platform available (set 'hibernate.transaction.jta.platform' to enable JTA platform integration)
2026-03-04T23:48:29.918+01:00  INFO 28752 --- [COMMUNITY-SERVICE] [           main] j.LocalContainerEntityManagerFactoryBean : Initialized JPA EntityManagerFactory for persistence unit 'default'
2026-03-04T23:48:30.302+01:00  INFO 28752 --- [COMMUNITY-SERVICE] [           main] o.s.d.j.r.query.QueryEnhancerFactory     : Hibernate is in classpath; If applicable, HQL parser will be used.
2026-03-04T23:48:31.319+01:00  WARN 28752 --- [COMMUNITY-SERVICE] [           main] JpaBaseConfiguration$JpaWebConfiguration : spring.jpa.open-in-view is enabled by default. Therefore, database queries may be performed during view rendering. Explicitly configure spring.jpa.open-in-view to disable this warning
2026-03-04T23:48:31.525+01:00  WARN 28752 --- [COMMUNITY-SERVICE] [           main] .s.s.UserDetailsServiceAutoConfiguration : 

Using generated security password: 05e9c6f2-899e-4364-add0-cbbd6a9c399d

This generated password is for development use only. Your security configuration must be updated before running your application in production.

2026-03-04T23:48:32.269+01:00  INFO 28752 --- [COMMUNITY-SERVICE] [           main] o.s.s.web.DefaultSecurityFilterChain     : Will secure any request with [org.springframework.security.web.session.DisableEncodeUrlFilter@1500416c, org.springframework.security.web.context.request.async.WebAsyncManagerIntegrationFilter@4e88dd32, org.springframework.security.web.context.SecurityContextHolderFilter@72294513, org.springframework.security.web.header.HeaderWriterFilter@36e74495, org.springframework.web.filter.CorsFilter@b70ad7a, org.springframework.security.web.authentication.logout.LogoutFilter@7da298aa, org.springframework.security.web.savedrequest.RequestCacheAwareFilter@6288199, org.springframework.security.web.servletapi.SecurityContextHolderAwareRequestFilter@79f8af90, org.springframework.security.web.authentication.AnonymousAuthenticationFilter@6a151f1a, org.springframework.security.web.session.SessionManagementFilter@5496cd02, org.springframework.security.web.access.ExceptionTranslationFilter@6afec4b1, org.springframework.security.web.access.intercept.AuthorizationFilter@29fe45a3]
2026-03-04T23:48:33.959+01:00  INFO 28752 --- [COMMUNITY-SERVICE] [           main] o.s.cloud.commons.util.InetUtils         : Cannot determine local hostname
2026-03-04T23:48:33.999+01:00  INFO 28752 --- [COMMUNITY-SERVICE] [           main] DiscoveryClientOptionalArgsConfiguration : Eureka HTTP Client uses RestTemplate.
2026-03-04T23:48:35.268+01:00  INFO 28752 --- [COMMUNITY-SERVICE] [           main] o.s.cloud.commons.util.InetUtils         : Cannot determine local hostname
2026-03-04T23:48:35.298+01:00  WARN 28752 --- [COMMUNITY-SERVICE] [           main] iguration$LoadBalancerCaffeineWarnLogger : Spring Cloud LoadBalancer is currently working with the default cache. While this cache implementation is useful for development and tests, it's recommended to use Caffeine cache in production.You can switch to using Caffeine cache, by adding it and org.springframework.cache.caffeine.CaffeineCacheManager to the classpath.
2026-03-04T23:48:35.334+01:00  INFO 28752 --- [COMMUNITY-SERVICE] [           main] o.s.c.n.eureka.InstanceInfoFactory       : Setting initial instance status as: STARTING
2026-03-04T23:48:35.461+01:00  INFO 28752 --- [COMMUNITY-SERVICE] [           main] com.netflix.discovery.DiscoveryClient    : Initializing Eureka in region us-east-1
2026-03-04T23:48:35.467+01:00  INFO 28752 --- [COMMUNITY-SERVICE] [           main] c.n.d.s.r.aws.ConfigClusterResolver      : Resolving eureka endpoints via configuration
2026-03-04T23:48:35.493+01:00  INFO 28752 --- [COMMUNITY-SERVICE] [           main] com.netflix.discovery.DiscoveryClient    : Disable delta property : false
2026-03-04T23:48:35.493+01:00  INFO 28752 --- [COMMUNITY-SERVICE] [           main] com.netflix.discovery.DiscoveryClient    : Single vip registry refresh property : null
2026-03-04T23:48:35.493+01:00  INFO 28752 --- [COMMUNITY-SERVICE] [           main] com.netflix.discovery.DiscoveryClient    : Force full registry fetch : false
2026-03-04T23:48:35.493+01:00  INFO 28752 --- [COMMUNITY-SERVICE] [           main] com.netflix.discovery.DiscoveryClient    : Application is null : false
2026-03-04T23:48:35.493+01:00  INFO 28752 --- [COMMUNITY-SERVICE] [           main] com.netflix.discovery.DiscoveryClient    : Registered Applications size is zero : true
2026-03-04T23:48:35.493+01:00  INFO 28752 --- [COMMUNITY-SERVICE] [           main] com.netflix.discovery.DiscoveryClient    : Application version is -1: true
2026-03-04T23:48:35.493+01:00  INFO 28752 --- [COMMUNITY-SERVICE] [           main] com.netflix.discovery.DiscoveryClient    : Getting all instance registry info from the eureka server
2026-03-04T23:48:35.943+01:00  INFO 28752 --- [COMMUNITY-SERVICE] [           main] com.netflix.discovery.DiscoveryClient    : The response status is 200
2026-03-04T23:48:35.946+01:00  INFO 28752 --- [COMMUNITY-SERVICE] [           main] com.netflix.discovery.DiscoveryClient    : Starting heartbeat executor: renew interval is: 30
2026-03-04T23:48:35.949+01:00  INFO 28752 --- [COMMUNITY-SERVICE] [           main] c.n.discovery.InstanceInfoReplicator     : InstanceInfoReplicator onDemand update allowed rate per min is 4
2026-03-04T23:48:35.955+01:00  INFO 28752 --- [COMMUNITY-SERVICE] [           main] com.netflix.discovery.DiscoveryClient    : Discovery Client initialized at timestamp 1772664515953 with initial instances count: 3
2026-03-04T23:48:35.958+01:00  INFO 28752 --- [COMMUNITY-SERVICE] [           main] o.s.c.n.e.s.EurekaServiceRegistry        : Registering application COMMUNITY-SERVICE with eureka with status UP
2026-03-04T23:48:35.959+01:00  INFO 28752 --- [COMMUNITY-SERVICE] [           main] com.netflix.discovery.DiscoveryClient    : Saw local status change event StatusChangeEvent [timestamp=1772664515959, current=UP, previous=STARTING]
2026-03-04T23:48:35.961+01:00  INFO 28752 --- [COMMUNITY-SERVICE] [nfoReplicator-0] com.netflix.discovery.DiscoveryClient    : DiscoveryClient_COMMUNITY-SERVICE/localhost:COMMUNITY-SERVICE:8092: registering service...
2026-03-04T23:48:35.993+01:00  INFO 28752 --- [COMMUNITY-SERVICE] [           main] o.s.b.w.embedded.tomcat.TomcatWebServer  : Tomcat started on port 8092 (http) with context path ''
2026-03-04T23:48:35.994+01:00  INFO 28752 --- [COMMUNITY-SERVICE] [           main] .s.c.n.e.s.EurekaAutoServiceRegistration : Updating port to 8092
2026-03-04T23:48:36.020+01:00  INFO 28752 --- [COMMUNITY-SERVICE] [nfoReplicator-0] com.netflix.discovery.DiscoveryClient    : DiscoveryClient_COMMUNITY-SERVICE/localhost:COMMUNITY-SERVICE:8092 - registration status: 204
2026-03-04T23:48:37.262+01:00  INFO 28752 --- [COMMUNITY-SERVICE] [           main] o.s.cloud.commons.util.InetUtils         : Cannot determine local hostname
2026-03-04T23:48:37.275+01:00  INFO 28752 --- [COMMUNITY-SERVICE] [           main] com.esprit.examen.CommunityApplication   : Started CommunityApplication in 14.467 seconds (process running for 15.145)
2026-03-04T23:48:50.324+01:00  INFO 28752 --- [COMMUNITY-SERVICE] [nio-8092-exec-1] o.a.c.c.C.[Tomcat].[localhost].[/]       : Initializing Spring DispatcherServlet 'dispatcherServlet'
2026-03-04T23:48:50.324+01:00  INFO 28752 --- [COMMUNITY-SERVICE] [nio-8092-exec-1] o.s.web.servlet.DispatcherServlet        : Initializing Servlet 'dispatcherServlet'
2026-03-04T23:48:50.325+01:00  INFO 28752 --- [COMMUNITY-SERVICE] [nio-8092-exec-1] o.s.web.servlet.DispatcherServlet        : Completed initialization in 1 ms
Hibernate: 
    select
        p1_0.post_id,
        p1_0.content,
        p1_0.created_at,
        p1_0.group_id,
        p1_0.image_url,
        p1_0.user_id,
        p1_0.video_url 
    from
        posts p1_0
[INFO] ------------------------------------------------------------------------
[INFO] BUILD FAILURE
[INFO] ------------------------------------------------------------------------
[INFO] Total time:  32.713 s
[INFO] Finished at: 2026-03-04T23:48:50+01:00
[INFO] ------------------------------------------------------------------------
[ERROR] Failed to execute goal org.springframework.boot:spring-boot-maven-plugin:3.2.3:run (default-cli) on project Community: Process terminated with exit code: 143 -> [Help 1]
[ERROR] 
[ERROR] To see the full stack trace of the errors, re-run Maven with the -e switch.
[ERROR] Re-run Maven using the -X switch to enable full debug logging.
[ERROR] 
[ERROR] For more information about the errors and possible solutions, please read the following articles:
[ERROR] [Help 1] http://cwiki.apache.org/confluence/display/MAVEN/MojoExecutionException
