[INFO] Scanning for projects...
[INFO] 
[INFO] -----------------------< com.esprit:apiGateway2 >-----------------------
[INFO] Building apiGateway2 0.0.1-SNAPSHOT
[INFO]   from pom.xml
[INFO] --------------------------------[ jar ]---------------------------------
[INFO] 
[INFO] >>> spring-boot:3.2.3:run (default-cli) > test-compile @ apiGateway2 >>>
[INFO] 
[INFO] --- resources:3.3.1:resources (default-resources) @ apiGateway2 ---
[INFO] Copying 1 resource from src\main\resources to target\classes
[INFO] Copying 0 resource from src\main\resources to target\classes
[INFO] 
[INFO] --- compiler:3.11.0:compile (default-compile) @ apiGateway2 ---
[INFO] Nothing to compile - all classes are up to date
[INFO] 
[INFO] --- resources:3.3.1:testResources (default-testResources) @ apiGateway2 ---
[INFO] skip non existing resourceDirectory C:\Users\PC\sahar-4SAE\apiGateway2\src\test\resources
[INFO] 
[INFO] --- compiler:3.11.0:testCompile (default-testCompile) @ apiGateway2 ---
[INFO] No sources to compile
[INFO] 
[INFO] <<< spring-boot:3.2.3:run (default-cli) < test-compile @ apiGateway2 <<<
[INFO] 
[INFO] 
[INFO] --- spring-boot:3.2.3:run (default-cli) @ apiGateway2 ---
[INFO] Attaching agents: []

  .   ____          _            __ _ _
 /\\ / ___'_ __ _ _(_)_ __  __ _ \ \ \ \
( ( )\___ | '_ | '_| | '_ \/ _` | \ \ \ \
 \\/  ___)| |_)| | | | | || (_| |  ) ) ) )
  '  |____| .__|_| |_|_| |_\__, | / / / /
 =========|_|==============|___/=/_/_/_/
 :: Spring Boot ::                (v3.2.3)

2026-03-05T00:37:08.295+01:00  INFO 10844 --- [api-gateway] [           main] c.e.apigateway2.ApiGateway2Application   : Starting ApiGateway2Application using Java 17.0.12 with PID 10844 (C:\Users\PC\sahar-4SAE\apiGateway2\target\classes started by PC in C:\Users\PC\sahar-4SAE\apiGateway2)
2026-03-05T00:37:08.298+01:00  INFO 10844 --- [api-gateway] [           main] c.e.apigateway2.ApiGateway2Application   : No active profile set, falling back to 1 default profile: "default"
2026-03-05T00:37:09.374+01:00  INFO 10844 --- [api-gateway] [           main] o.s.cloud.context.scope.GenericScope     : BeanFactory id=96be06e4-0f43-3b28-9b33-a85a9cb2e708
2026-03-05T00:37:09.455+01:00  WARN 10844 --- [api-gateway] [           main] trationDelegate$BeanPostProcessorChecker : Bean 'org.springframework.cloud.client.loadbalancer.LoadBalancerAutoConfiguration$LoadBalancerInterceptorConfig' of type [org.springframework.cloud.client.loadbalancer.LoadBalancerAutoConfiguration$LoadBalancerInterceptorConfig] is not eligible for getting processed by all BeanPostProcessors (for example: not eligible for auto-proxying). The currently created BeanPostProcessor [lbRestClientPostProcessor] is declared through a non-static factory method on that class; consider declaring it as static instead.
2026-03-05T00:37:09.458+01:00  WARN 10844 --- [api-gateway] [           main] trationDelegate$BeanPostProcessorChecker : Bean 'org.springframework.cloud.loadbalancer.config.BlockingLoadBalancerClientAutoConfiguration' of type [org.springframework.cloud.loadbalancer.config.BlockingLoadBalancerClientAutoConfiguration] is not eligible for getting processed by all BeanPostProcessors (for example: not eligible for auto-proxying). Is this bean getting eagerly injected into a currently created BeanPostProcessor [lbRestClientPostProcessor]? Check the corresponding BeanPostProcessor declaration and its dependencies.
2026-03-05T00:37:09.460+01:00  WARN 10844 --- [api-gateway] [           main] trationDelegate$BeanPostProcessorChecker : Bean 'org.springframework.cloud.loadbalancer.config.LoadBalancerAutoConfiguration' of type [org.springframework.cloud.loadbalancer.config.LoadBalancerAutoConfiguration] is not eligible for getting processed by all BeanPostProcessors (for example: not eligible for auto-proxying). Is this bean getting eagerly injected into a currently created BeanPostProcessor [lbRestClientPostProcessor]? Check the corresponding BeanPostProcessor declaration and its dependencies.
2026-03-05T00:37:09.467+01:00  WARN 10844 --- [api-gateway] [           main] trationDelegate$BeanPostProcessorChecker : Bean 'org.springframework.cloud.commons.config.CommonsConfigAutoConfiguration' of type [org.springframework.cloud.commons.config.CommonsConfigAutoConfiguration] is not eligible for getting processed by all BeanPostProcessors (for example: not eligible for auto-proxying). Is this bean getting eagerly injected into a currently created BeanPostProcessor [lbRestClientPostProcessor]? Check the corresponding BeanPostProcessor declaration and its dependencies.
2026-03-05T00:37:09.469+01:00  WARN 10844 --- [api-gateway] [           main] trationDelegate$BeanPostProcessorChecker : Bean 'org.springframework.cloud.client.loadbalancer.LoadBalancerDefaultMappingsProviderAutoConfiguration' of type [org.springframework.cloud.client.loadbalancer.LoadBalancerDefaultMappingsProviderAutoConfiguration] is not eligible for getting processed by all BeanPostProcessors (for example: not eligible for auto-proxying). Is this bean getting eagerly injected into a currently created BeanPostProcessor [lbRestClientPostProcessor]? Check the corresponding BeanPostProcessor declaration and its dependencies.
2026-03-05T00:37:09.469+01:00  WARN 10844 --- [api-gateway] [           main] trationDelegate$BeanPostProcessorChecker : Bean 'loadBalancerClientsDefaultsMappingsProvider' of type [org.springframework.cloud.client.loadbalancer.LoadBalancerDefaultMappingsProviderAutoConfiguration$$Lambda$463/0x000001800133f358] is not eligible for getting processed by all BeanPostProcessors (for example: not eligible for auto-proxying). Is this bean getting eagerly injected into a currently created BeanPostProcessor [lbRestClientPostProcessor]? Check the corresponding BeanPostProcessor declaration and its dependencies.
2026-03-05T00:37:09.470+01:00  WARN 10844 --- [api-gateway] [           main] trationDelegate$BeanPostProcessorChecker : Bean 'defaultsBindHandlerAdvisor' of type [org.springframework.cloud.commons.config.DefaultsBindHandlerAdvisor] is not eligible for getting processed by all BeanPostProcessors (for example: not eligible for auto-proxying). Is this bean getting eagerly injected into a currently created BeanPostProcessor [lbRestClientPostProcessor]? Check the corresponding BeanPostProcessor declaration and its dependencies.
2026-03-05T00:37:09.478+01:00  WARN 10844 --- [api-gateway] [           main] trationDelegate$BeanPostProcessorChecker : Bean 'spring.cloud.loadbalancer-org.springframework.cloud.client.loadbalancer.LoadBalancerClientsProperties' of type [org.springframework.cloud.client.loadbalancer.LoadBalancerClientsProperties] is not eligible for getting processed by all BeanPostProcessors (for example: not eligible for auto-proxying). Is this bean getting eagerly injected into a currently created BeanPostProcessor [lbRestClientPostProcessor]? Check the corresponding BeanPostProcessor declaration and its dependencies.
2026-03-05T00:37:09.484+01:00  WARN 10844 --- [api-gateway] [           main] trationDelegate$BeanPostProcessorChecker : Bean 'default.org.springframework.cloud.loadbalancer.config.LoadBalancerAutoConfiguration.LoadBalancerClientSpecification' of type [org.springframework.cloud.loadbalancer.annotation.LoadBalancerClientSpecification] is not eligible for getting processed by all BeanPostProcessors (for example: not eligible for auto-proxying). Is this bean getting eagerly injected into a currently created BeanPostProcessor [lbRestClientPostProcessor]? Check the corresponding BeanPostProcessor declaration and its dependencies.
2026-03-05T00:37:09.484+01:00  WARN 10844 --- [api-gateway] [           main] trationDelegate$BeanPostProcessorChecker : Bean 'default.org.springframework.cloud.loadbalancer.config.BlockingLoadBalancerClientAutoConfiguration.LoadBalancerClientSpecification' of type [org.springframework.cloud.loadbalancer.annotation.LoadBalancerClientSpecification] is not eligible for getting processed by all BeanPostProcessors (for example: not eligible for auto-proxying). Is this bean getting eagerly injected into a currently created BeanPostProcessor [lbRestClientPostProcessor]? Check the corresponding BeanPostProcessor declaration and its dependencies.
2026-03-05T00:37:09.485+01:00  WARN 10844 --- [api-gateway] [           main] trationDelegate$BeanPostProcessorChecker : Bean 'default.org.springframework.cloud.netflix.eureka.loadbalancer.LoadBalancerEurekaAutoConfiguration.LoadBalancerClientSpecification' of type [org.springframework.cloud.loadbalancer.annotation.LoadBalancerClientSpecification] is not eligible for getting processed by all BeanPostProcessors (for example: not eligible for auto-proxying). Is this bean getting eagerly injected into a currently created BeanPostProcessor [lbRestClientPostProcessor]? Check the corresponding BeanPostProcessor declaration and its dependencies.
2026-03-05T00:37:09.488+01:00  WARN 10844 --- [api-gateway] [           main] trationDelegate$BeanPostProcessorChecker : Bean 'loadBalancerClientFactory' of type [org.springframework.cloud.loadbalancer.support.LoadBalancerClientFactory] is not eligible for getting processed by all BeanPostProcessors (for example: not eligible for auto-proxying). Is this bean getting eagerly injected into a currently created BeanPostProcessor [lbRestClientPostProcessor]? Check the corresponding BeanPostProcessor declaration and its dependencies.
2026-03-05T00:37:09.490+01:00  WARN 10844 --- [api-gateway] [           main] trationDelegate$BeanPostProcessorChecker : Bean 'blockingLoadBalancerClient' of type [org.springframework.cloud.loadbalancer.blocking.client.BlockingLoadBalancerClient] is not eligible for getting processed by all BeanPostProcessors (for example: not eligible for auto-proxying). Is this bean getting eagerly injected into a currently created BeanPostProcessor [lbRestClientPostProcessor]? Check the corresponding BeanPostProcessor declaration and its dependencies.
2026-03-05T00:37:09.498+01:00  WARN 10844 --- [api-gateway] [           main] trationDelegate$BeanPostProcessorChecker : Bean 'loadBalancerServiceInstanceCookieTransformer' of type [org.springframework.cloud.loadbalancer.core.LoadBalancerServiceInstanceCookieTransformer] is not eligible for getting processed by all BeanPostProcessors (for example: not eligible for auto-proxying). Is this bean getting eagerly injected into a currently created BeanPostProcessor [lbRestClientPostProcessor]? Check the corresponding BeanPostProcessor declaration and its dependencies.
2026-03-05T00:37:09.499+01:00  WARN 10844 --- [api-gateway] [           main] trationDelegate$BeanPostProcessorChecker : Bean 'xForwarderHeadersTransformer' of type [org.springframework.cloud.loadbalancer.blocking.XForwardedHeadersTransformer] is not eligible for getting processed by all BeanPostProcessors (for example: not eligible for auto-proxying). Is this bean getting eagerly injected into a currently created BeanPostProcessor [lbRestClientPostProcessor]? Check the corresponding BeanPostProcessor declaration and its dependencies.
2026-03-05T00:37:09.500+01:00  WARN 10844 --- [api-gateway] [           main] trationDelegate$BeanPostProcessorChecker : Bean 'org.springframework.cloud.client.loadbalancer.LoadBalancerAutoConfiguration' of type [org.springframework.cloud.client.loadbalancer.LoadBalancerAutoConfiguration] is not eligible for getting processed by all BeanPostProcessors (for example: not eligible for auto-proxying). Is this bean getting eagerly injected into a currently created BeanPostProcessor [lbRestClientPostProcessor]? Check the corresponding BeanPostProcessor declaration and its dependencies.
2026-03-05T00:37:09.503+01:00  WARN 10844 --- [api-gateway] [           main] trationDelegate$BeanPostProcessorChecker : Bean 'loadBalancerRequestFactory' of type [org.springframework.cloud.client.loadbalancer.LoadBalancerRequestFactory] is not eligible for getting processed by all BeanPostProcessors (for example: not eligible for auto-proxying). Is this bean getting eagerly injected into a currently created BeanPostProcessor [lbRestClientPostProcessor]? Check the corresponding BeanPostProcessor declaration and its dependencies.
2026-03-05T00:37:09.504+01:00  WARN 10844 --- [api-gateway] [           main] trationDelegate$BeanPostProcessorChecker : Bean 'loadBalancerInterceptor' of type [org.springframework.cloud.client.loadbalancer.LoadBalancerInterceptor] is not eligible for getting processed by all BeanPostProcessors (for example: not eligible for auto-proxying). Is this bean getting eagerly injected into a currently created BeanPostProcessor [lbRestClientPostProcessor]? Check the corresponding BeanPostProcessor declaration and its dependencies.
2026-03-05T00:37:09.505+01:00  WARN 10844 --- [api-gateway] [           main] trationDelegate$BeanPostProcessorChecker : Bean 'org.springframework.cloud.client.loadbalancer.reactive.LoadBalancerBeanPostProcessorAutoConfiguration' of type [org.springframework.cloud.client.loadbalancer.reactive.LoadBalancerBeanPostProcessorAutoConfiguration] is not eligible for getting processed by all BeanPostProcessors (for example: not eligible for auto-proxying). The currently created BeanPostProcessor [loadBalancerWebClientBuilderBeanPostProcessor] is declared through a non-static factory method on that class; consider declaring it as static instead.
2026-03-05T00:37:09.507+01:00  WARN 10844 --- [api-gateway] [           main] trationDelegate$BeanPostProcessorChecker : Bean 'org.springframework.cloud.client.loadbalancer.reactive.LoadBalancerBeanPostProcessorAutoConfiguration$ReactorDeferringLoadBalancerFilterConfig' of type [org.springframework.cloud.client.loadbalancer.reactive.LoadBalancerBeanPostProcessorAutoConfiguration$ReactorDeferringLoadBalancerFilterConfig] is not eligible for getting processed by all BeanPostProcessors (for example: not eligible for auto-proxying). Is this bean getting eagerly injected into a currently created BeanPostProcessor [loadBalancerWebClientBuilderBeanPostProcessor]? Check the corresponding BeanPostProcessor declaration and its dependencies.
2026-03-05T00:37:09.508+01:00  WARN 10844 --- [api-gateway] [           main] trationDelegate$BeanPostProcessorChecker : Bean 'reactorDeferringLoadBalancerExchangeFilterFunction' of type [org.springframework.cloud.client.loadbalancer.reactive.DeferringLoadBalancerExchangeFilterFunction] is not eligible for getting processed by all BeanPostProcessors (for example: not eligible for auto-proxying). Is this bean getting eagerly injected into a currently created BeanPostProcessor [loadBalancerWebClientBuilderBeanPostProcessor]? Check the corresponding BeanPostProcessor declaration and its dependencies.
2026-03-05T00:37:10.955+01:00  INFO 10844 --- [api-gateway] [           main] o.s.cloud.commons.util.InetUtils         : Cannot determine local hostname
2026-03-05T00:37:11.137+01:00 DEBUG 10844 --- [api-gateway] [           main] o.s.c.gateway.config.GatewayProperties   : Routes supplied from Gateway Properties: [RouteDefinition{id='PLATFORMEBACK', predicates=[PredicateDefinition{name='Path', args={_genkey_0=/api/users/**}}], filters=[], uri=lb://PLATFORMEBACK, order=0, metadata={}}, RouteDefinition{id='community-service', predicates=[PredicateDefinition{name='Path', args={_genkey_0=/api/community/**}}], filters=[FilterDefinition{name='RewritePath', args={_genkey_0=/api/community/(?<segment>.*), _genkey_1=/api/${segment}}}], uri=http://localhost:8082, order=0, metadata={}}, RouteDefinition{id='PLATFORMEBACK-AUTH-API', predicates=[PredicateDefinition{name='Path', args={_genkey_0=/api/auth/**}}], filters=[], uri=lb://PLATFORMEBACK, order=0, metadata={}}, RouteDefinition{id='PLATFORMEBACK-AUTH-COMPAT', predicates=[PredicateDefinition{name='Path', args={_genkey_0=/auth/**}}], filters=[FilterDefinition{name='RewritePath', args={_genkey_0=/auth/(?<segment>.*), _genkey_1=/api/auth/${segment}}}], uri=lb://PLATFORMEBACK, order=0, metadata={}}, RouteDefinition{id='PLATFORMEBACK-OPENAPI', predicates=[PredicateDefinition{name='Path', args={_genkey_0=/platformeback/v3/api-docs}}], filters=[FilterDefinition{name='SetPath', args={_genkey_0=/v3/api-docs}}], uri=lb://PLATFORMEBACK, order=0, metadata={}}, RouteDefinition{id='COMMUNITY-SERVICE-OPENAPI', predicates=[PredicateDefinition{name='Path', args={_genkey_0=/community-service/v3/api-docs}}], filters=[FilterDefinition{name='SetPath', args={_genkey_0=/api-docs}}], uri=http://localhost:8082, order=0, metadata={}}, RouteDefinition{id='PLATFORMEBACK-USERS-COMPAT', predicates=[PredicateDefinition{name='Path', args={_genkey_0=/users/**}}], filters=[FilterDefinition{name='RewritePath', args={_genkey_0=/users/(?<segment>.*), _genkey_1=/api/users/${segment}}}], uri=lb://PLATFORMEBACK, order=0, metadata={}}]
2026-03-05T00:37:11.530+01:00  INFO 10844 --- [api-gateway] [           main] o.s.c.g.r.RouteDefinitionRouteLocator    : Loaded RoutePredicateFactory [After]
2026-03-05T00:37:11.530+01:00  INFO 10844 --- [api-gateway] [           main] o.s.c.g.r.RouteDefinitionRouteLocator    : Loaded RoutePredicateFactory [Before]
2026-03-05T00:37:11.530+01:00  INFO 10844 --- [api-gateway] [           main] o.s.c.g.r.RouteDefinitionRouteLocator    : Loaded RoutePredicateFactory [Between]
2026-03-05T00:37:11.530+01:00  INFO 10844 --- [api-gateway] [           main] o.s.c.g.r.RouteDefinitionRouteLocator    : Loaded RoutePredicateFactory [Cookie]
2026-03-05T00:37:11.530+01:00  INFO 10844 --- [api-gateway] [           main] o.s.c.g.r.RouteDefinitionRouteLocator    : Loaded RoutePredicateFactory [Header]
2026-03-05T00:37:11.530+01:00  INFO 10844 --- [api-gateway] [           main] o.s.c.g.r.RouteDefinitionRouteLocator    : Loaded RoutePredicateFactory [Host]
2026-03-05T00:37:11.530+01:00  INFO 10844 --- [api-gateway] [           main] o.s.c.g.r.RouteDefinitionRouteLocator    : Loaded RoutePredicateFactory [Method]
2026-03-05T00:37:11.530+01:00  INFO 10844 --- [api-gateway] [           main] o.s.c.g.r.RouteDefinitionRouteLocator    : Loaded RoutePredicateFactory [Path]
2026-03-05T00:37:11.530+01:00  INFO 10844 --- [api-gateway] [           main] o.s.c.g.r.RouteDefinitionRouteLocator    : Loaded RoutePredicateFactory [Query]
2026-03-05T00:37:11.530+01:00  INFO 10844 --- [api-gateway] [           main] o.s.c.g.r.RouteDefinitionRouteLocator    : Loaded RoutePredicateFactory [ReadBody]
2026-03-05T00:37:11.530+01:00  INFO 10844 --- [api-gateway] [           main] o.s.c.g.r.RouteDefinitionRouteLocator    : Loaded RoutePredicateFactory [RemoteAddr]
2026-03-05T00:37:11.530+01:00  INFO 10844 --- [api-gateway] [           main] o.s.c.g.r.RouteDefinitionRouteLocator    : Loaded RoutePredicateFactory [XForwardedRemoteAddr]
2026-03-05T00:37:11.530+01:00  INFO 10844 --- [api-gateway] [           main] o.s.c.g.r.RouteDefinitionRouteLocator    : Loaded RoutePredicateFactory [Weight]
2026-03-05T00:37:11.530+01:00  INFO 10844 --- [api-gateway] [           main] o.s.c.g.r.RouteDefinitionRouteLocator    : Loaded RoutePredicateFactory [CloudFoundryRouteService]
2026-03-05T00:37:11.700+01:00 DEBUG 10844 --- [api-gateway] [           main] s.w.r.r.m.a.RequestMappingHandlerMapping : 5 mappings in 'requestMappingHandlerMapping'
2026-03-05T00:37:11.714+01:00 DEBUG 10844 --- [api-gateway] [           main] o.s.w.r.handler.SimpleUrlHandlerMapping  : Patterns [/webjars/**, /**] in 'resourceHandlerMapping'
2026-03-05T00:37:11.754+01:00 DEBUG 10844 --- [api-gateway] [           main] o.s.w.r.r.m.a.ControllerMethodResolver   : ControllerAdvice beans: 0 @ModelAttribute, 0 @InitBinder, 1 @ExceptionHandler
2026-03-05T00:37:11.913+01:00  INFO 10844 --- [api-gateway] [           main] DiscoveryClientOptionalArgsConfiguration : Eureka HTTP Client uses RestTemplate.
2026-03-05T00:37:13.147+01:00  INFO 10844 --- [api-gateway] [           main] o.s.cloud.commons.util.InetUtils         : Cannot determine local hostname
2026-03-05T00:37:14.396+01:00  INFO 10844 --- [api-gateway] [           main] o.s.cloud.commons.util.InetUtils         : Cannot determine local hostname
2026-03-05T00:37:14.417+01:00  WARN 10844 --- [api-gateway] [           main] iguration$LoadBalancerCaffeineWarnLogger : Spring Cloud LoadBalancer is currently working with the default cache. While this cache implementation is useful for development and tests, it's recommended to use Caffeine cache in production.You can switch to using Caffeine cache, by adding it and org.springframework.cache.caffeine.CaffeineCacheManager to the classpath.
2026-03-05T00:37:14.445+01:00  INFO 10844 --- [api-gateway] [           main] o.s.c.n.eureka.InstanceInfoFactory       : Setting initial instance status as: STARTING
2026-03-05T00:37:14.552+01:00  INFO 10844 --- [api-gateway] [           main] com.netflix.discovery.DiscoveryClient    : Initializing Eureka in region us-east-1
2026-03-05T00:37:14.561+01:00  INFO 10844 --- [api-gateway] [           main] c.n.d.s.r.aws.ConfigClusterResolver      : Resolving eureka endpoints via configuration
2026-03-05T00:37:14.583+01:00  INFO 10844 --- [api-gateway] [           main] com.netflix.discovery.DiscoveryClient    : Disable delta property : false
2026-03-05T00:37:14.583+01:00  INFO 10844 --- [api-gateway] [           main] com.netflix.discovery.DiscoveryClient    : Single vip registry refresh property : null
2026-03-05T00:37:14.583+01:00  INFO 10844 --- [api-gateway] [           main] com.netflix.discovery.DiscoveryClient    : Force full registry fetch : false
2026-03-05T00:37:14.583+01:00  INFO 10844 --- [api-gateway] [           main] com.netflix.discovery.DiscoveryClient    : Application is null : false
2026-03-05T00:37:14.583+01:00  INFO 10844 --- [api-gateway] [           main] com.netflix.discovery.DiscoveryClient    : Registered Applications size is zero : true
2026-03-05T00:37:14.583+01:00  INFO 10844 --- [api-gateway] [           main] com.netflix.discovery.DiscoveryClient    : Application version is -1: true
2026-03-05T00:37:14.583+01:00  INFO 10844 --- [api-gateway] [           main] com.netflix.discovery.DiscoveryClient    : Getting all instance registry info from the eureka server
2026-03-05T00:37:14.979+01:00  INFO 10844 --- [api-gateway] [           main] com.netflix.discovery.DiscoveryClient    : The response status is 200
2026-03-05T00:37:14.982+01:00  INFO 10844 --- [api-gateway] [           main] com.netflix.discovery.DiscoveryClient    : Starting heartbeat executor: renew interval is: 30
2026-03-05T00:37:14.984+01:00  INFO 10844 --- [api-gateway] [           main] c.n.discovery.InstanceInfoReplicator     : InstanceInfoReplicator onDemand update allowed rate per min is 4
2026-03-05T00:37:14.990+01:00  INFO 10844 --- [api-gateway] [           main] com.netflix.discovery.DiscoveryClient    : Discovery Client initialized at timestamp 1772667434988 with initial instances count: 3
2026-03-05T00:37:14.991+01:00  INFO 10844 --- [api-gateway] [           main] o.s.c.n.e.s.EurekaServiceRegistry        : Registering application API-GATEWAY with eureka with status UP
2026-03-05T00:37:14.991+01:00  INFO 10844 --- [api-gateway] [           main] com.netflix.discovery.DiscoveryClient    : Saw local status change event StatusChangeEvent [timestamp=1772667434991, current=UP, previous=STARTING]
2026-03-05T00:37:14.993+01:00  INFO 10844 --- [api-gateway] [nfoReplicator-0] com.netflix.discovery.DiscoveryClient    : DiscoveryClient_API-GATEWAY/localhost:api-gateway:8081: registering service...
2026-03-05T00:37:15.015+01:00 DEBUG 10844 --- [api-gateway] [           main] o.s.c.g.r.RouteDefinitionRouteLocator    : RouteDefinition PLATFORMEBACK applying {_genkey_0=/api/users/**} to Path
2026-03-05T00:37:15.032+01:00 DEBUG 10844 --- [api-gateway] [           main] o.s.c.g.r.RouteDefinitionRouteLocator    : RouteDefinition PLATFORMEBACK applying filter {_genkey_0=Access-Control-Allow-Credentials Access-Control-Allow-Origin Access-Control-Expose-Headers Vary} to DedupeResponseHeader
2026-03-05T00:37:15.040+01:00 DEBUG 10844 --- [api-gateway] [           main] o.s.c.g.r.RouteDefinitionRouteLocator    : RouteDefinition matched: PLATFORMEBACK
2026-03-05T00:37:15.040+01:00 DEBUG 10844 --- [api-gateway] [           main] o.s.c.g.r.RouteDefinitionRouteLocator    : RouteDefinition community-service applying {_genkey_0=/api/community/**} to Path
2026-03-05T00:37:15.041+01:00 DEBUG 10844 --- [api-gateway] [           main] o.s.c.g.r.RouteDefinitionRouteLocator    : RouteDefinition community-service applying filter {_genkey_0=Access-Control-Allow-Credentials Access-Control-Allow-Origin Access-Control-Expose-Headers Vary} to DedupeResponseHeader
2026-03-05T00:37:15.042+01:00 DEBUG 10844 --- [api-gateway] [           main] o.s.c.g.r.RouteDefinitionRouteLocator    : RouteDefinition community-service applying filter {_genkey_0=/api/community/(?<segment>.*), _genkey_1=/api/${segment}} to RewritePath
2026-03-05T00:37:15.044+01:00 DEBUG 10844 --- [api-gateway] [           main] o.s.c.g.r.RouteDefinitionRouteLocator    : RouteDefinition matched: community-service
2026-03-05T00:37:15.044+01:00 DEBUG 10844 --- [api-gateway] [           main] o.s.c.g.r.RouteDefinitionRouteLocator    : RouteDefinition PLATFORMEBACK-AUTH-API applying {_genkey_0=/api/auth/**} to Path
2026-03-05T00:37:15.045+01:00 DEBUG 10844 --- [api-gateway] [           main] o.s.c.g.r.RouteDefinitionRouteLocator    : RouteDefinition PLATFORMEBACK-AUTH-API applying filter {_genkey_0=Access-Control-Allow-Credentials Access-Control-Allow-Origin Access-Control-Expose-Headers Vary} to DedupeResponseHeader
2026-03-05T00:37:15.046+01:00 DEBUG 10844 --- [api-gateway] [           main] o.s.c.g.r.RouteDefinitionRouteLocator    : RouteDefinition matched: PLATFORMEBACK-AUTH-API
2026-03-05T00:37:15.046+01:00 DEBUG 10844 --- [api-gateway] [           main] o.s.c.g.r.RouteDefinitionRouteLocator    : RouteDefinition PLATFORMEBACK-AUTH-COMPAT applying {_genkey_0=/auth/**} to Path
2026-03-05T00:37:15.047+01:00  INFO 10844 --- [api-gateway] [nfoReplicator-0] com.netflix.discovery.DiscoveryClient    : DiscoveryClient_API-GATEWAY/localhost:api-gateway:8081 - registration status: 204
2026-03-05T00:37:15.047+01:00 DEBUG 10844 --- [api-gateway] [           main] o.s.c.g.r.RouteDefinitionRouteLocator    : RouteDefinition PLATFORMEBACK-AUTH-COMPAT applying filter {_genkey_0=Access-Control-Allow-Credentials Access-Control-Allow-Origin Access-Control-Expose-Headers Vary} to DedupeResponseHeader
2026-03-05T00:37:15.047+01:00 DEBUG 10844 --- [api-gateway] [           main] o.s.c.g.r.RouteDefinitionRouteLocator    : RouteDefinition PLATFORMEBACK-AUTH-COMPAT applying filter {_genkey_0=/auth/(?<segment>.*), _genkey_1=/api/auth/${segment}} to RewritePath
2026-03-05T00:37:15.048+01:00 DEBUG 10844 --- [api-gateway] [           main] o.s.c.g.r.RouteDefinitionRouteLocator    : RouteDefinition matched: PLATFORMEBACK-AUTH-COMPAT
2026-03-05T00:37:15.048+01:00 DEBUG 10844 --- [api-gateway] [           main] o.s.c.g.r.RouteDefinitionRouteLocator    : RouteDefinition PLATFORMEBACK-OPENAPI applying {_genkey_0=/platformeback/v3/api-docs} to Path
2026-03-05T00:37:15.049+01:00 DEBUG 10844 --- [api-gateway] [           main] o.s.c.g.r.RouteDefinitionRouteLocator    : RouteDefinition PLATFORMEBACK-OPENAPI applying filter {_genkey_0=Access-Control-Allow-Credentials Access-Control-Allow-Origin Access-Control-Expose-Headers Vary} to DedupeResponseHeader
2026-03-05T00:37:15.050+01:00 DEBUG 10844 --- [api-gateway] [           main] o.s.c.g.r.RouteDefinitionRouteLocator    : RouteDefinition PLATFORMEBACK-OPENAPI applying filter {_genkey_0=/v3/api-docs} to SetPath
2026-03-05T00:37:15.052+01:00 DEBUG 10844 --- [api-gateway] [           main] o.s.c.g.r.RouteDefinitionRouteLocator    : RouteDefinition matched: PLATFORMEBACK-OPENAPI
2026-03-05T00:37:15.052+01:00 DEBUG 10844 --- [api-gateway] [           main] o.s.c.g.r.RouteDefinitionRouteLocator    : RouteDefinition COMMUNITY-SERVICE-OPENAPI applying {_genkey_0=/community-service/v3/api-docs} to Path
2026-03-05T00:37:15.052+01:00 DEBUG 10844 --- [api-gateway] [           main] o.s.c.g.r.RouteDefinitionRouteLocator    : RouteDefinition COMMUNITY-SERVICE-OPENAPI applying filter {_genkey_0=Access-Control-Allow-Credentials Access-Control-Allow-Origin Access-Control-Expose-Headers Vary} to DedupeResponseHeader
2026-03-05T00:37:15.053+01:00 DEBUG 10844 --- [api-gateway] [           main] o.s.c.g.r.RouteDefinitionRouteLocator    : RouteDefinition COMMUNITY-SERVICE-OPENAPI applying filter {_genkey_0=/api-docs} to SetPath
2026-03-05T00:37:15.053+01:00 DEBUG 10844 --- [api-gateway] [           main] o.s.c.g.r.RouteDefinitionRouteLocator    : RouteDefinition matched: COMMUNITY-SERVICE-OPENAPI
2026-03-05T00:37:15.054+01:00 DEBUG 10844 --- [api-gateway] [           main] o.s.c.g.r.RouteDefinitionRouteLocator    : RouteDefinition PLATFORMEBACK-USERS-COMPAT applying {_genkey_0=/users/**} to Path
2026-03-05T00:37:15.055+01:00 DEBUG 10844 --- [api-gateway] [           main] o.s.c.g.r.RouteDefinitionRouteLocator    : RouteDefinition PLATFORMEBACK-USERS-COMPAT applying filter {_genkey_0=Access-Control-Allow-Credentials Access-Control-Allow-Origin Access-Control-Expose-Headers Vary} to DedupeResponseHeader
2026-03-05T00:37:15.056+01:00 DEBUG 10844 --- [api-gateway] [           main] o.s.c.g.r.RouteDefinitionRouteLocator    : RouteDefinition PLATFORMEBACK-USERS-COMPAT applying filter {_genkey_0=/users/(?<segment>.*), _genkey_1=/api/users/${segment}} to RewritePath
2026-03-05T00:37:15.057+01:00 DEBUG 10844 --- [api-gateway] [           main] o.s.c.g.r.RouteDefinitionRouteLocator    : RouteDefinition matched: PLATFORMEBACK-USERS-COMPAT
2026-03-05T00:37:15.264+01:00  INFO 10844 --- [api-gateway] [           main] o.s.b.web.embedded.netty.NettyWebServer  : Netty started on port 8081
2026-03-05T00:37:15.265+01:00  INFO 10844 --- [api-gateway] [           main] .s.c.n.e.s.EurekaAutoServiceRegistration : Updating port to 8081
2026-03-05T00:37:16.509+01:00  INFO 10844 --- [api-gateway] [           main] o.s.cloud.commons.util.InetUtils         : Cannot determine local hostname
2026-03-05T00:37:17.825+01:00  INFO 10844 --- [api-gateway] [           main] o.s.cloud.commons.util.InetUtils         : Cannot determine local hostname
2026-03-05T00:37:17.834+01:00 DEBUG 10844 --- [api-gateway] [           main] o.s.c.g.r.RouteDefinitionRouteLocator    : RouteDefinition PLATFORMEBACK applying {_genkey_0=/api/users/**} to Path
2026-03-05T00:37:17.835+01:00 DEBUG 10844 --- [api-gateway] [           main] o.s.c.g.r.RouteDefinitionRouteLocator    : RouteDefinition PLATFORMEBACK applying filter {_genkey_0=Access-Control-Allow-Credentials Access-Control-Allow-Origin Access-Control-Expose-Headers Vary} to DedupeResponseHeader
2026-03-05T00:37:17.836+01:00 DEBUG 10844 --- [api-gateway] [           main] o.s.c.g.r.RouteDefinitionRouteLocator    : RouteDefinition matched: PLATFORMEBACK
2026-03-05T00:37:17.836+01:00 DEBUG 10844 --- [api-gateway] [           main] o.s.c.g.r.RouteDefinitionRouteLocator    : RouteDefinition community-service applying {_genkey_0=/api/community/**} to Path
2026-03-05T00:37:17.837+01:00 DEBUG 10844 --- [api-gateway] [           main] o.s.c.g.r.RouteDefinitionRouteLocator    : RouteDefinition community-service applying filter {_genkey_0=Access-Control-Allow-Credentials Access-Control-Allow-Origin Access-Control-Expose-Headers Vary} to DedupeResponseHeader
2026-03-05T00:37:17.838+01:00 DEBUG 10844 --- [api-gateway] [           main] o.s.c.g.r.RouteDefinitionRouteLocator    : RouteDefinition community-service applying filter {_genkey_0=/api/community/(?<segment>.*), _genkey_1=/api/${segment}} to RewritePath
2026-03-05T00:37:17.838+01:00 DEBUG 10844 --- [api-gateway] [           main] o.s.c.g.r.RouteDefinitionRouteLocator    : RouteDefinition matched: community-service
2026-03-05T00:37:17.839+01:00 DEBUG 10844 --- [api-gateway] [           main] o.s.c.g.r.RouteDefinitionRouteLocator    : RouteDefinition PLATFORMEBACK-AUTH-API applying {_genkey_0=/api/auth/**} to Path
2026-03-05T00:37:17.839+01:00 DEBUG 10844 --- [api-gateway] [           main] o.s.c.g.r.RouteDefinitionRouteLocator    : RouteDefinition PLATFORMEBACK-AUTH-API applying filter {_genkey_0=Access-Control-Allow-Credentials Access-Control-Allow-Origin Access-Control-Expose-Headers Vary} to DedupeResponseHeader
2026-03-05T00:37:17.840+01:00 DEBUG 10844 --- [api-gateway] [           main] o.s.c.g.r.RouteDefinitionRouteLocator    : RouteDefinition matched: PLATFORMEBACK-AUTH-API
2026-03-05T00:37:17.840+01:00 DEBUG 10844 --- [api-gateway] [           main] o.s.c.g.r.RouteDefinitionRouteLocator    : RouteDefinition PLATFORMEBACK-AUTH-COMPAT applying {_genkey_0=/auth/**} to Path
2026-03-05T00:37:17.841+01:00 DEBUG 10844 --- [api-gateway] [           main] o.s.c.g.r.RouteDefinitionRouteLocator    : RouteDefinition PLATFORMEBACK-AUTH-COMPAT applying filter {_genkey_0=Access-Control-Allow-Credentials Access-Control-Allow-Origin Access-Control-Expose-Headers Vary} to DedupeResponseHeader
2026-03-05T00:37:17.842+01:00 DEBUG 10844 --- [api-gateway] [           main] o.s.c.g.r.RouteDefinitionRouteLocator    : RouteDefinition PLATFORMEBACK-AUTH-COMPAT applying filter {_genkey_0=/auth/(?<segment>.*), _genkey_1=/api/auth/${segment}} to RewritePath
2026-03-05T00:37:17.842+01:00 DEBUG 10844 --- [api-gateway] [           main] o.s.c.g.r.RouteDefinitionRouteLocator    : RouteDefinition matched: PLATFORMEBACK-AUTH-COMPAT
2026-03-05T00:37:17.843+01:00 DEBUG 10844 --- [api-gateway] [           main] o.s.c.g.r.RouteDefinitionRouteLocator    : RouteDefinition PLATFORMEBACK-OPENAPI applying {_genkey_0=/platformeback/v3/api-docs} to Path
2026-03-05T00:37:17.843+01:00 DEBUG 10844 --- [api-gateway] [           main] o.s.c.g.r.RouteDefinitionRouteLocator    : RouteDefinition PLATFORMEBACK-OPENAPI applying filter {_genkey_0=Access-Control-Allow-Credentials Access-Control-Allow-Origin Access-Control-Expose-Headers Vary} to DedupeResponseHeader
2026-03-05T00:37:17.844+01:00 DEBUG 10844 --- [api-gateway] [           main] o.s.c.g.r.RouteDefinitionRouteLocator    : RouteDefinition PLATFORMEBACK-OPENAPI applying filter {_genkey_0=/v3/api-docs} to SetPath
2026-03-05T00:37:17.844+01:00 DEBUG 10844 --- [api-gateway] [           main] o.s.c.g.r.RouteDefinitionRouteLocator    : RouteDefinition matched: PLATFORMEBACK-OPENAPI
2026-03-05T00:37:17.844+01:00 DEBUG 10844 --- [api-gateway] [           main] o.s.c.g.r.RouteDefinitionRouteLocator    : RouteDefinition COMMUNITY-SERVICE-OPENAPI applying {_genkey_0=/community-service/v3/api-docs} to Path
2026-03-05T00:37:17.845+01:00 DEBUG 10844 --- [api-gateway] [           main] o.s.c.g.r.RouteDefinitionRouteLocator    : RouteDefinition COMMUNITY-SERVICE-OPENAPI applying filter {_genkey_0=Access-Control-Allow-Credentials Access-Control-Allow-Origin Access-Control-Expose-Headers Vary} to DedupeResponseHeader
2026-03-05T00:37:17.845+01:00 DEBUG 10844 --- [api-gateway] [           main] o.s.c.g.r.RouteDefinitionRouteLocator    : RouteDefinition COMMUNITY-SERVICE-OPENAPI applying filter {_genkey_0=/api-docs} to SetPath
2026-03-05T00:37:17.846+01:00 DEBUG 10844 --- [api-gateway] [           main] o.s.c.g.r.RouteDefinitionRouteLocator    : RouteDefinition matched: COMMUNITY-SERVICE-OPENAPI
2026-03-05T00:37:17.846+01:00 DEBUG 10844 --- [api-gateway] [           main] o.s.c.g.r.RouteDefinitionRouteLocator    : RouteDefinition PLATFORMEBACK-USERS-COMPAT applying {_genkey_0=/users/**} to Path
2026-03-05T00:37:17.846+01:00 DEBUG 10844 --- [api-gateway] [           main] o.s.c.g.r.RouteDefinitionRouteLocator    : RouteDefinition PLATFORMEBACK-USERS-COMPAT applying filter {_genkey_0=Access-Control-Allow-Credentials Access-Control-Allow-Origin Access-Control-Expose-Headers Vary} to DedupeResponseHeader
2026-03-05T00:37:17.847+01:00 DEBUG 10844 --- [api-gateway] [           main] o.s.c.g.r.RouteDefinitionRouteLocator    : RouteDefinition PLATFORMEBACK-USERS-COMPAT applying filter {_genkey_0=/users/(?<segment>.*), _genkey_1=/api/users/${segment}} to RewritePath
2026-03-05T00:37:17.848+01:00 DEBUG 10844 --- [api-gateway] [           main] o.s.c.g.r.RouteDefinitionRouteLocator    : RouteDefinition matched: PLATFORMEBACK-USERS-COMPAT
2026-03-05T00:37:17.852+01:00  INFO 10844 --- [api-gateway] [           main] c.e.apigateway2.ApiGateway2Application   : Started ApiGateway2Application in 11.263 seconds (process running for 11.683)
2026-03-05T00:37:18.276+01:00 DEBUG 10844 --- [api-gateway] [ctor-http-nio-2] s.w.r.r.m.a.RequestMappingHandlerMapping : [f600fbab-1] Mapped to com.esprit.apigateway2.controller.GatewayInfoController#listServices()
2026-03-05T00:37:18.294+01:00 DEBUG 10844 --- [api-gateway] [ctor-http-nio-2] o.s.w.r.r.m.a.ResponseBodyResultHandler  : [f600fbab-1] Using 'application/json' given [*/*] and supported [application/json, application/*+json, application/x-ndjson, text/event-stream]
2026-03-05T00:37:18.294+01:00 DEBUG 10844 --- [api-gateway] [ctor-http-nio-2] o.s.w.r.r.m.a.ResponseBodyResultHandler  : [f600fbab-1] 0..1 [com.esprit.apigateway2.controller.GatewayInfoController$GatewayServicesResponse]
2026-03-05T00:37:30.280+01:00 DEBUG 10844 --- [api-gateway] [ctor-http-nio-3] o.s.c.g.h.RoutePredicateHandlerMapping   : Route matched: community-service
2026-03-05T00:37:30.287+01:00 DEBUG 10844 --- [api-gateway] [ctor-http-nio-3] o.s.c.g.h.RoutePredicateHandlerMapping   : Mapping [Exchange: GET http://localhost:8081/api/community/posts] to Route{id='community-service', uri=http://localhost:8082, order=0, predicate=Paths: [/api/community/**], match trailing slash: true, gatewayFilters=[[[DedupeResponseHeader Access-Control-Allow-Credentials Access-Control-Allow-Origin Access-Control-Expose-Headers Vary = RETAIN_FIRST], order = 1], [[RewritePath /api/community/(?<segment>.*) = '/api/${segment}'], order = 1]], metadata={}}
2026-03-05T00:37:30.287+01:00 DEBUG 10844 --- [api-gateway] [ctor-http-nio-3] o.s.c.g.h.RoutePredicateHandlerMapping   : [b40b746c-2] Mapped to org.springframework.cloud.gateway.handler.FilteringWebHandler@6414ee52
2026-03-05T00:37:30.289+01:00 DEBUG 10844 --- [api-gateway] [ctor-http-nio-3] o.s.c.g.handler.FilteringWebHandler      : Sorted gatewayFilterFactories: [[GatewayFilterAdapter{delegate=org.springframework.cloud.gateway.filter.RemoveCachedBodyFilter@7742a45c}, order = -2147483648], [GatewayFilterAdapter{delegate=org.springframework.cloud.gateway.filter.AdaptCachedBodyGlobalFilter@380ce5a3}, order = -2147482648], [GatewayFilterAdapter{delegate=org.springframework.cloud.gateway.filter.NettyWriteResponseFilter@d5e575c}, order = -1], [GatewayFilterAdapter{delegate=org.springframework.cloud.gateway.filter.ForwardPathFilter@7ed49a7f}, order = 0], [[DedupeResponseHeader Access-Control-Allow-Credentials Access-Control-Allow-Origin Access-Control-Expose-Headers Vary = RETAIN_FIRST], order = 1], [[RewritePath /api/community/(?<segment>.*) = '/api/${segment}'], order = 1], [GatewayFilterAdapter{delegate=org.springframework.cloud.gateway.filter.RouteToRequestUrlFilter@7ca492d9}, order = 10000], [GatewayFilterAdapter{delegate=org.springframework.cloud.gateway.filter.ReactiveLoadBalancerClientFilter@61037caf}, order = 10150], [GatewayFilterAdapter{delegate=org.springframework.cloud.gateway.filter.LoadBalancerServiceInstanceCookieFilter@2fc49538}, order = 10151], [GatewayFilterAdapter{delegate=org.springframework.cloud.gateway.filter.WebsocketRoutingFilter@1cd6b1bd}, order = 2147483646], [GatewayFilterAdapter{delegate=org.springframework.cloud.gateway.filter.NettyRoutingFilter@670342a2}, order = 2147483647], [GatewayFilterAdapter{delegate=org.springframework.cloud.gateway.filter.ForwardRoutingFilter@14fc9bd}, order = 2147483647]]
2026-03-05T00:37:30.321+01:00 DEBUG 10844 --- [api-gateway] [ctor-http-nio-4] o.s.c.g.h.RoutePredicateHandlerMapping   : Route matched: community-service
2026-03-05T00:37:30.321+01:00 DEBUG 10844 --- [api-gateway] [ctor-http-nio-4] o.s.c.g.h.RoutePredicateHandlerMapping   : Mapping [Exchange: GET http://localhost:8081/api/community/questions] to Route{id='community-service', uri=http://localhost:8082, order=0, predicate=Paths: [/api/community/**], match trailing slash: true, gatewayFilters=[[[DedupeResponseHeader Access-Control-Allow-Credentials Access-Control-Allow-Origin Access-Control-Expose-Headers Vary = RETAIN_FIRST], order = 1], [[RewritePath /api/community/(?<segment>.*) = '/api/${segment}'], order = 1]], metadata={}}
2026-03-05T00:37:30.321+01:00 DEBUG 10844 --- [api-gateway] [ctor-http-nio-4] o.s.c.g.h.RoutePredicateHandlerMapping   : [c77a6ea9-3] Mapped to org.springframework.cloud.gateway.handler.FilteringWebHandler@6414ee52
2026-03-05T00:37:30.321+01:00 DEBUG 10844 --- [api-gateway] [ctor-http-nio-4] o.s.c.g.handler.FilteringWebHandler      : Sorted gatewayFilterFactories: [[GatewayFilterAdapter{delegate=org.springframework.cloud.gateway.filter.RemoveCachedBodyFilter@7742a45c}, order = -2147483648], [GatewayFilterAdapter{delegate=org.springframework.cloud.gateway.filter.AdaptCachedBodyGlobalFilter@380ce5a3}, order = -2147482648], [GatewayFilterAdapter{delegate=org.springframework.cloud.gateway.filter.NettyWriteResponseFilter@d5e575c}, order = -1], [GatewayFilterAdapter{delegate=org.springframework.cloud.gateway.filter.ForwardPathFilter@7ed49a7f}, order = 0], [[DedupeResponseHeader Access-Control-Allow-Credentials Access-Control-Allow-Origin Access-Control-Expose-Headers Vary = RETAIN_FIRST], order = 1], [[RewritePath /api/community/(?<segment>.*) = '/api/${segment}'], order = 1], [GatewayFilterAdapter{delegate=org.springframework.cloud.gateway.filter.RouteToRequestUrlFilter@7ca492d9}, order = 10000], [GatewayFilterAdapter{delegate=org.springframework.cloud.gateway.filter.ReactiveLoadBalancerClientFilter@61037caf}, order = 10150], [GatewayFilterAdapter{delegate=org.springframework.cloud.gateway.filter.LoadBalancerServiceInstanceCookieFilter@2fc49538}, order = 10151], [GatewayFilterAdapter{delegate=org.springframework.cloud.gateway.filter.WebsocketRoutingFilter@1cd6b1bd}, order = 2147483646], [GatewayFilterAdapter{delegate=org.springframework.cloud.gateway.filter.NettyRoutingFilter@670342a2}, order = 2147483647], [GatewayFilterAdapter{delegate=org.springframework.cloud.gateway.filter.ForwardRoutingFilter@14fc9bd}, order = 2147483647]]
2026-03-05T00:37:30.335+01:00 DEBUG 10844 --- [api-gateway] [ctor-http-nio-5] o.s.c.g.h.RoutePredicateHandlerMapping   : Route matched: community-service
2026-03-05T00:37:30.336+01:00 DEBUG 10844 --- [api-gateway] [ctor-http-nio-5] o.s.c.g.h.RoutePredicateHandlerMapping   : Mapping [Exchange: GET http://localhost:8081/api/community/groups] to Route{id='community-service', uri=http://localhost:8082, order=0, predicate=Paths: [/api/community/**], match trailing slash: true, gatewayFilters=[[[DedupeResponseHeader Access-Control-Allow-Credentials Access-Control-Allow-Origin Access-Control-Expose-Headers Vary = RETAIN_FIRST], order = 1], [[RewritePath /api/community/(?<segment>.*) = '/api/${segment}'], order = 1]], metadata={}}
2026-03-05T00:37:30.336+01:00 DEBUG 10844 --- [api-gateway] [ctor-http-nio-5] o.s.c.g.h.RoutePredicateHandlerMapping   : [c6149a58-4] Mapped to org.springframework.cloud.gateway.handler.FilteringWebHandler@6414ee52
2026-03-05T00:37:30.336+01:00 DEBUG 10844 --- [api-gateway] [ctor-http-nio-5] o.s.c.g.handler.FilteringWebHandler      : Sorted gatewayFilterFactories: [[GatewayFilterAdapter{delegate=org.springframework.cloud.gateway.filter.RemoveCachedBodyFilter@7742a45c}, order = -2147483648], [GatewayFilterAdapter{delegate=org.springframework.cloud.gateway.filter.AdaptCachedBodyGlobalFilter@380ce5a3}, order = -2147482648], [GatewayFilterAdapter{delegate=org.springframework.cloud.gateway.filter.NettyWriteResponseFilter@d5e575c}, order = -1], [GatewayFilterAdapter{delegate=org.springframework.cloud.gateway.filter.ForwardPathFilter@7ed49a7f}, order = 0], [[DedupeResponseHeader Access-Control-Allow-Credentials Access-Control-Allow-Origin Access-Control-Expose-Headers Vary = RETAIN_FIRST], order = 1], [[RewritePath /api/community/(?<segment>.*) = '/api/${segment}'], order = 1], [GatewayFilterAdapter{delegate=org.springframework.cloud.gateway.filter.RouteToRequestUrlFilter@7ca492d9}, order = 10000], [GatewayFilterAdapter{delegate=org.springframework.cloud.gateway.filter.ReactiveLoadBalancerClientFilter@61037caf}, order = 10150], [GatewayFilterAdapter{delegate=org.springframework.cloud.gateway.filter.LoadBalancerServiceInstanceCookieFilter@2fc49538}, order = 10151], [GatewayFilterAdapter{delegate=org.springframework.cloud.gateway.filter.WebsocketRoutingFilter@1cd6b1bd}, order = 2147483646], [GatewayFilterAdapter{delegate=org.springframework.cloud.gateway.filter.NettyRoutingFilter@670342a2}, order = 2147483647], [GatewayFilterAdapter{delegate=org.springframework.cloud.gateway.filter.ForwardRoutingFilter@14fc9bd}, order = 2147483647]]
2026-03-05T00:37:30.398+01:00 DEBUG 10844 --- [api-gateway] [ctor-http-nio-6] o.s.c.g.h.RoutePredicateHandlerMapping   : Route matched: community-service
2026-03-05T00:37:30.398+01:00 DEBUG 10844 --- [api-gateway] [ctor-http-nio-6] o.s.c.g.h.RoutePredicateHandlerMapping   : Mapping [Exchange: GET http://localhost:8081/api/community/notifications/stream] to Route{id='community-service', uri=http://localhost:8082, order=0, predicate=Paths: [/api/community/**], match trailing slash: true, gatewayFilters=[[[DedupeResponseHeader Access-Control-Allow-Credentials Access-Control-Allow-Origin Access-Control-Expose-Headers Vary = RETAIN_FIRST], order = 1], [[RewritePath /api/community/(?<segment>.*) = '/api/${segment}'], order = 1]], metadata={}}
2026-03-05T00:37:30.398+01:00 DEBUG 10844 --- [api-gateway] [ctor-http-nio-6] o.s.c.g.h.RoutePredicateHandlerMapping   : [2b845a9c-5] Mapped to org.springframework.cloud.gateway.handler.FilteringWebHandler@6414ee52
2026-03-05T00:37:30.398+01:00 DEBUG 10844 --- [api-gateway] [ctor-http-nio-6] o.s.c.g.handler.FilteringWebHandler      : Sorted gatewayFilterFactories: [[GatewayFilterAdapter{delegate=org.springframework.cloud.gateway.filter.RemoveCachedBodyFilter@7742a45c}, order = -2147483648], [GatewayFilterAdapter{delegate=org.springframework.cloud.gateway.filter.AdaptCachedBodyGlobalFilter@380ce5a3}, order = -2147482648], [GatewayFilterAdapter{delegate=org.springframework.cloud.gateway.filter.NettyWriteResponseFilter@d5e575c}, order = -1], [GatewayFilterAdapter{delegate=org.springframework.cloud.gateway.filter.ForwardPathFilter@7ed49a7f}, order = 0], [[DedupeResponseHeader Access-Control-Allow-Credentials Access-Control-Allow-Origin Access-Control-Expose-Headers Vary = RETAIN_FIRST], order = 1], [[RewritePath /api/community/(?<segment>.*) = '/api/${segment}'], order = 1], [GatewayFilterAdapter{delegate=org.springframework.cloud.gateway.filter.RouteToRequestUrlFilter@7ca492d9}, order = 10000], [GatewayFilterAdapter{delegate=org.springframework.cloud.gateway.filter.ReactiveLoadBalancerClientFilter@61037caf}, order = 10150], [GatewayFilterAdapter{delegate=org.springframework.cloud.gateway.filter.LoadBalancerServiceInstanceCookieFilter@2fc49538}, order = 10151], [GatewayFilterAdapter{delegate=org.springframework.cloud.gateway.filter.WebsocketRoutingFilter@1cd6b1bd}, order = 2147483646], [GatewayFilterAdapter{delegate=org.springframework.cloud.gateway.filter.NettyRoutingFilter@670342a2}, order = 2147483647], [GatewayFilterAdapter{delegate=org.springframework.cloud.gateway.filter.ForwardRoutingFilter@14fc9bd}, order = 2147483647]]
2026-03-05T00:37:30.410+01:00 DEBUG 10844 --- [api-gateway] [ctor-http-nio-7] o.s.c.g.h.RoutePredicateHandlerMapping   : Route matched: community-service
2026-03-05T00:37:30.410+01:00 DEBUG 10844 --- [api-gateway] [ctor-http-nio-7] o.s.c.g.h.RoutePredicateHandlerMapping   : Mapping [Exchange: GET http://localhost:8081/api/community/notifications/history] to Route{id='community-service', uri=http://localhost:8082, order=0, predicate=Paths: [/api/community/**], match trailing slash: true, gatewayFilters=[[[DedupeResponseHeader Access-Control-Allow-Credentials Access-Control-Allow-Origin Access-Control-Expose-Headers Vary = RETAIN_FIRST], order = 1], [[RewritePath /api/community/(?<segment>.*) = '/api/${segment}'], order = 1]], metadata={}}
2026-03-05T00:37:30.410+01:00 DEBUG 10844 --- [api-gateway] [ctor-http-nio-7] o.s.c.g.h.RoutePredicateHandlerMapping   : [8d90d6b0-6] Mapped to org.springframework.cloud.gateway.handler.FilteringWebHandler@6414ee52
2026-03-05T00:37:30.411+01:00 DEBUG 10844 --- [api-gateway] [ctor-http-nio-7] o.s.c.g.handler.FilteringWebHandler      : Sorted gatewayFilterFactories: [[GatewayFilterAdapter{delegate=org.springframework.cloud.gateway.filter.RemoveCachedBodyFilter@7742a45c}, order = -2147483648], [GatewayFilterAdapter{delegate=org.springframework.cloud.gateway.filter.AdaptCachedBodyGlobalFilter@380ce5a3}, order = -2147482648], [GatewayFilterAdapter{delegate=org.springframework.cloud.gateway.filter.NettyWriteResponseFilter@d5e575c}, order = -1], [GatewayFilterAdapter{delegate=org.springframework.cloud.gateway.filter.ForwardPathFilter@7ed49a7f}, order = 0], [[DedupeResponseHeader Access-Control-Allow-Credentials Access-Control-Allow-Origin Access-Control-Expose-Headers Vary = RETAIN_FIRST], order = 1], [[RewritePath /api/community/(?<segment>.*) = '/api/${segment}'], order = 1], [GatewayFilterAdapter{delegate=org.springframework.cloud.gateway.filter.RouteToRequestUrlFilter@7ca492d9}, order = 10000], [GatewayFilterAdapter{delegate=org.springframework.cloud.gateway.filter.ReactiveLoadBalancerClientFilter@61037caf}, order = 10150], [GatewayFilterAdapter{delegate=org.springframework.cloud.gateway.filter.LoadBalancerServiceInstanceCookieFilter@2fc49538}, order = 10151], [GatewayFilterAdapter{delegate=org.springframework.cloud.gateway.filter.WebsocketRoutingFilter@1cd6b1bd}, order = 2147483646], [GatewayFilterAdapter{delegate=org.springframework.cloud.gateway.filter.NettyRoutingFilter@670342a2}, order = 2147483647], [GatewayFilterAdapter{delegate=org.springframework.cloud.gateway.filter.ForwardRoutingFilter@14fc9bd}, order = 2147483647]]
2026-03-05T00:37:39.362+01:00 DEBUG 10844 --- [api-gateway] [tor-http-nio-10] o.s.c.g.h.RoutePredicateHandlerMapping   : Route matched: community-service
2026-03-05T00:37:39.363+01:00 DEBUG 10844 --- [api-gateway] [tor-http-nio-10] o.s.c.g.h.RoutePredicateHandlerMapping   : Mapping [Exchange: GET http://localhost:8081/api/community/posts] to Route{id='community-service', uri=http://localhost:8082, order=0, predicate=Paths: [/api/community/**], match trailing slash: true, gatewayFilters=[[[DedupeResponseHeader Access-Control-Allow-Credentials Access-Control-Allow-Origin Access-Control-Expose-Headers Vary = RETAIN_FIRST], order = 1], [[RewritePath /api/community/(?<segment>.*) = '/api/${segment}'], order = 1]], metadata={}}
2026-03-05T00:37:39.363+01:00 DEBUG 10844 --- [api-gateway] [tor-http-nio-10] o.s.c.g.h.RoutePredicateHandlerMapping   : [f7d7862b-7] Mapped to org.springframework.cloud.gateway.handler.FilteringWebHandler@6414ee52
2026-03-05T00:37:39.363+01:00 DEBUG 10844 --- [api-gateway] [tor-http-nio-10] o.s.c.g.handler.FilteringWebHandler      : Sorted gatewayFilterFactories: [[GatewayFilterAdapter{delegate=org.springframework.cloud.gateway.filter.RemoveCachedBodyFilter@7742a45c}, order = -2147483648], [GatewayFilterAdapter{delegate=org.springframework.cloud.gateway.filter.AdaptCachedBodyGlobalFilter@380ce5a3}, order = -2147482648], [GatewayFilterAdapter{delegate=org.springframework.cloud.gateway.filter.NettyWriteResponseFilter@d5e575c}, order = -1], [GatewayFilterAdapter{delegate=org.springframework.cloud.gateway.filter.ForwardPathFilter@7ed49a7f}, order = 0], [[DedupeResponseHeader Access-Control-Allow-Credentials Access-Control-Allow-Origin Access-Control-Expose-Headers Vary = RETAIN_FIRST], order = 1], [[RewritePath /api/community/(?<segment>.*) = '/api/${segment}'], order = 1], [GatewayFilterAdapter{delegate=org.springframework.cloud.gateway.filter.RouteToRequestUrlFilter@7ca492d9}, order = 10000], [GatewayFilterAdapter{delegate=org.springframework.cloud.gateway.filter.ReactiveLoadBalancerClientFilter@61037caf}, order = 10150], [GatewayFilterAdapter{delegate=org.springframework.cloud.gateway.filter.LoadBalancerServiceInstanceCookieFilter@2fc49538}, order = 10151], [GatewayFilterAdapter{delegate=org.springframework.cloud.gateway.filter.WebsocketRoutingFilter@1cd6b1bd}, order = 2147483646], [GatewayFilterAdapter{delegate=org.springframework.cloud.gateway.filter.NettyRoutingFilter@670342a2}, order = 2147483647], [GatewayFilterAdapter{delegate=org.springframework.cloud.gateway.filter.ForwardRoutingFilter@14fc9bd}, order = 2147483647]]
2026-03-05T00:37:45.015+01:00 DEBUG 10844 --- [api-gateway] [freshExecutor-0] o.s.c.g.r.RouteDefinitionRouteLocator    : RouteDefinition PLATFORMEBACK applying {_genkey_0=/api/users/**} to Path
2026-03-05T00:37:45.016+01:00 DEBUG 10844 --- [api-gateway] [freshExecutor-0] o.s.c.g.r.RouteDefinitionRouteLocator    : RouteDefinition PLATFORMEBACK applying filter {_genkey_0=Access-Control-Allow-Credentials Access-Control-Allow-Origin Access-Control-Expose-Headers Vary} to DedupeResponseHeader
2026-03-05T00:37:45.016+01:00 DEBUG 10844 --- [api-gateway] [freshExecutor-0] o.s.c.g.r.RouteDefinitionRouteLocator    : RouteDefinition matched: PLATFORMEBACK
2026-03-05T00:37:45.016+01:00 DEBUG 10844 --- [api-gateway] [freshExecutor-0] o.s.c.g.r.RouteDefinitionRouteLocator    : RouteDefinition community-service applying {_genkey_0=/api/community/**} to Path
2026-03-05T00:37:45.018+01:00 DEBUG 10844 --- [api-gateway] [freshExecutor-0] o.s.c.g.r.RouteDefinitionRouteLocator    : RouteDefinition community-service applying filter {_genkey_0=Access-Control-Allow-Credentials Access-Control-Allow-Origin Access-Control-Expose-Headers Vary} to DedupeResponseHeader
2026-03-05T00:37:45.019+01:00 DEBUG 10844 --- [api-gateway] [freshExecutor-0] o.s.c.g.r.RouteDefinitionRouteLocator    : RouteDefinition community-service applying filter {_genkey_0=/api/community/(?<segment>.*), _genkey_1=/api/${segment}} to RewritePath
2026-03-05T00:37:45.019+01:00 DEBUG 10844 --- [api-gateway] [freshExecutor-0] o.s.c.g.r.RouteDefinitionRouteLocator    : RouteDefinition matched: community-service
2026-03-05T00:37:45.019+01:00 DEBUG 10844 --- [api-gateway] [freshExecutor-0] o.s.c.g.r.RouteDefinitionRouteLocator    : RouteDefinition PLATFORMEBACK-AUTH-API applying {_genkey_0=/api/auth/**} to Path
2026-03-05T00:37:45.020+01:00 DEBUG 10844 --- [api-gateway] [freshExecutor-0] o.s.c.g.r.RouteDefinitionRouteLocator    : RouteDefinition PLATFORMEBACK-AUTH-API applying filter {_genkey_0=Access-Control-Allow-Credentials Access-Control-Allow-Origin Access-Control-Expose-Headers Vary} to DedupeResponseHeader
2026-03-05T00:37:45.021+01:00 DEBUG 10844 --- [api-gateway] [freshExecutor-0] o.s.c.g.r.RouteDefinitionRouteLocator    : RouteDefinition matched: PLATFORMEBACK-AUTH-API
2026-03-05T00:37:45.021+01:00 DEBUG 10844 --- [api-gateway] [freshExecutor-0] o.s.c.g.r.RouteDefinitionRouteLocator    : RouteDefinition PLATFORMEBACK-AUTH-COMPAT applying {_genkey_0=/auth/**} to Path
2026-03-05T00:37:45.022+01:00 DEBUG 10844 --- [api-gateway] [freshExecutor-0] o.s.c.g.r.RouteDefinitionRouteLocator    : RouteDefinition PLATFORMEBACK-AUTH-COMPAT applying filter {_genkey_0=Access-Control-Allow-Credentials Access-Control-Allow-Origin Access-Control-Expose-Headers Vary} to DedupeResponseHeader
2026-03-05T00:37:45.023+01:00 DEBUG 10844 --- [api-gateway] [freshExecutor-0] o.s.c.g.r.RouteDefinitionRouteLocator    : RouteDefinition PLATFORMEBACK-AUTH-COMPAT applying filter {_genkey_0=/auth/(?<segment>.*), _genkey_1=/api/auth/${segment}} to RewritePath
2026-03-05T00:37:45.023+01:00 DEBUG 10844 --- [api-gateway] [freshExecutor-0] o.s.c.g.r.RouteDefinitionRouteLocator    : RouteDefinition matched: PLATFORMEBACK-AUTH-COMPAT
2026-03-05T00:37:45.023+01:00 DEBUG 10844 --- [api-gateway] [freshExecutor-0] o.s.c.g.r.RouteDefinitionRouteLocator    : RouteDefinition PLATFORMEBACK-OPENAPI applying {_genkey_0=/platformeback/v3/api-docs} to Path
2026-03-05T00:37:45.024+01:00 DEBUG 10844 --- [api-gateway] [freshExecutor-0] o.s.c.g.r.RouteDefinitionRouteLocator    : RouteDefinition PLATFORMEBACK-OPENAPI applying filter {_genkey_0=Access-Control-Allow-Credentials Access-Control-Allow-Origin Access-Control-Expose-Headers Vary} to DedupeResponseHeader
2026-03-05T00:37:45.025+01:00 DEBUG 10844 --- [api-gateway] [freshExecutor-0] o.s.c.g.r.RouteDefinitionRouteLocator    : RouteDefinition PLATFORMEBACK-OPENAPI applying filter {_genkey_0=/v3/api-docs} to SetPath
2026-03-05T00:37:45.025+01:00 DEBUG 10844 --- [api-gateway] [freshExecutor-0] o.s.c.g.r.RouteDefinitionRouteLocator    : RouteDefinition matched: PLATFORMEBACK-OPENAPI
2026-03-05T00:37:45.025+01:00 DEBUG 10844 --- [api-gateway] [freshExecutor-0] o.s.c.g.r.RouteDefinitionRouteLocator    : RouteDefinition COMMUNITY-SERVICE-OPENAPI applying {_genkey_0=/community-service/v3/api-docs} to Path
2026-03-05T00:37:45.026+01:00 DEBUG 10844 --- [api-gateway] [freshExecutor-0] o.s.c.g.r.RouteDefinitionRouteLocator    : RouteDefinition COMMUNITY-SERVICE-OPENAPI applying filter {_genkey_0=Access-Control-Allow-Credentials Access-Control-Allow-Origin Access-Control-Expose-Headers Vary} to DedupeResponseHeader
2026-03-05T00:37:45.027+01:00 DEBUG 10844 --- [api-gateway] [freshExecutor-0] o.s.c.g.r.RouteDefinitionRouteLocator    : RouteDefinition COMMUNITY-SERVICE-OPENAPI applying filter {_genkey_0=/api-docs} to SetPath
2026-03-05T00:37:45.028+01:00 DEBUG 10844 --- [api-gateway] [freshExecutor-0] o.s.c.g.r.RouteDefinitionRouteLocator    : RouteDefinition matched: COMMUNITY-SERVICE-OPENAPI
2026-03-05T00:37:45.028+01:00 DEBUG 10844 --- [api-gateway] [freshExecutor-0] o.s.c.g.r.RouteDefinitionRouteLocator    : RouteDefinition PLATFORMEBACK-USERS-COMPAT applying {_genkey_0=/users/**} to Path
2026-03-05T00:37:45.029+01:00 DEBUG 10844 --- [api-gateway] [freshExecutor-0] o.s.c.g.r.RouteDefinitionRouteLocator    : RouteDefinition PLATFORMEBACK-USERS-COMPAT applying filter {_genkey_0=Access-Control-Allow-Credentials Access-Control-Allow-Origin Access-Control-Expose-Headers Vary} to DedupeResponseHeader
2026-03-05T00:37:45.030+01:00 DEBUG 10844 --- [api-gateway] [freshExecutor-0] o.s.c.g.r.RouteDefinitionRouteLocator    : RouteDefinition PLATFORMEBACK-USERS-COMPAT applying filter {_genkey_0=/users/(?<segment>.*), _genkey_1=/api/users/${segment}} to RewritePath
2026-03-05T00:37:45.030+01:00 DEBUG 10844 --- [api-gateway] [freshExecutor-0] o.s.c.g.r.RouteDefinitionRouteLocator    : RouteDefinition matched: PLATFORMEBACK-USERS-COMPAT
2026-03-05T00:38:15.059+01:00 DEBUG 10844 --- [api-gateway] [freshExecutor-0] o.s.c.g.r.RouteDefinitionRouteLocator    : RouteDefinition PLATFORMEBACK applying {_genkey_0=/api/users/**} to Path
2026-03-05T00:38:15.060+01:00 DEBUG 10844 --- [api-gateway] [freshExecutor-0] o.s.c.g.r.RouteDefinitionRouteLocator    : RouteDefinition PLATFORMEBACK applying filter {_genkey_0=Access-Control-Allow-Credentials Access-Control-Allow-Origin Access-Control-Expose-Headers Vary} to DedupeResponseHeader
2026-03-05T00:38:15.061+01:00 DEBUG 10844 --- [api-gateway] [freshExecutor-0] o.s.c.g.r.RouteDefinitionRouteLocator    : RouteDefinition matched: PLATFORMEBACK
2026-03-05T00:38:15.061+01:00 DEBUG 10844 --- [api-gateway] [freshExecutor-0] o.s.c.g.r.RouteDefinitionRouteLocator    : RouteDefinition community-service applying {_genkey_0=/api/community/**} to Path
2026-03-05T00:38:15.062+01:00 DEBUG 10844 --- [api-gateway] [freshExecutor-0] o.s.c.g.r.RouteDefinitionRouteLocator    : RouteDefinition community-service applying filter {_genkey_0=Access-Control-Allow-Credentials Access-Control-Allow-Origin Access-Control-Expose-Headers Vary} to DedupeResponseHeader
2026-03-05T00:38:15.063+01:00 DEBUG 10844 --- [api-gateway] [freshExecutor-0] o.s.c.g.r.RouteDefinitionRouteLocator    : RouteDefinition community-service applying filter {_genkey_0=/api/community/(?<segment>.*), _genkey_1=/api/${segment}} to RewritePath
2026-03-05T00:38:15.064+01:00 DEBUG 10844 --- [api-gateway] [freshExecutor-0] o.s.c.g.r.RouteDefinitionRouteLocator    : RouteDefinition matched: community-service
2026-03-05T00:38:15.064+01:00 DEBUG 10844 --- [api-gateway] [freshExecutor-0] o.s.c.g.r.RouteDefinitionRouteLocator    : RouteDefinition PLATFORMEBACK-AUTH-API applying {_genkey_0=/api/auth/**} to Path
2026-03-05T00:38:15.064+01:00 DEBUG 10844 --- [api-gateway] [freshExecutor-0] o.s.c.g.r.RouteDefinitionRouteLocator    : RouteDefinition PLATFORMEBACK-AUTH-API applying filter {_genkey_0=Access-Control-Allow-Credentials Access-Control-Allow-Origin Access-Control-Expose-Headers Vary} to DedupeResponseHeader
2026-03-05T00:38:15.065+01:00 DEBUG 10844 --- [api-gateway] [freshExecutor-0] o.s.c.g.r.RouteDefinitionRouteLocator    : RouteDefinition matched: PLATFORMEBACK-AUTH-API
2026-03-05T00:38:15.065+01:00 DEBUG 10844 --- [api-gateway] [freshExecutor-0] o.s.c.g.r.RouteDefinitionRouteLocator    : RouteDefinition PLATFORMEBACK-AUTH-COMPAT applying {_genkey_0=/auth/**} to Path
2026-03-05T00:38:15.065+01:00 DEBUG 10844 --- [api-gateway] [freshExecutor-0] o.s.c.g.r.RouteDefinitionRouteLocator    : RouteDefinition PLATFORMEBACK-AUTH-COMPAT applying filter {_genkey_0=Access-Control-Allow-Credentials Access-Control-Allow-Origin Access-Control-Expose-Headers Vary} to DedupeResponseHeader
2026-03-05T00:38:15.066+01:00 DEBUG 10844 --- [api-gateway] [freshExecutor-0] o.s.c.g.r.RouteDefinitionRouteLocator    : RouteDefinition PLATFORMEBACK-AUTH-COMPAT applying filter {_genkey_0=/auth/(?<segment>.*), _genkey_1=/api/auth/${segment}} to RewritePath
2026-03-05T00:38:15.066+01:00 DEBUG 10844 --- [api-gateway] [freshExecutor-0] o.s.c.g.r.RouteDefinitionRouteLocator    : RouteDefinition matched: PLATFORMEBACK-AUTH-COMPAT
2026-03-05T00:38:15.067+01:00 DEBUG 10844 --- [api-gateway] [freshExecutor-0] o.s.c.g.r.RouteDefinitionRouteLocator    : RouteDefinition PLATFORMEBACK-OPENAPI applying {_genkey_0=/platformeback/v3/api-docs} to Path
2026-03-05T00:38:15.067+01:00 DEBUG 10844 --- [api-gateway] [freshExecutor-0] o.s.c.g.r.RouteDefinitionRouteLocator    : RouteDefinition PLATFORMEBACK-OPENAPI applying filter {_genkey_0=Access-Control-Allow-Credentials Access-Control-Allow-Origin Access-Control-Expose-Headers Vary} to DedupeResponseHeader
2026-03-05T00:38:15.068+01:00 DEBUG 10844 --- [api-gateway] [freshExecutor-0] o.s.c.g.r.RouteDefinitionRouteLocator    : RouteDefinition PLATFORMEBACK-OPENAPI applying filter {_genkey_0=/v3/api-docs} to SetPath
2026-03-05T00:38:15.068+01:00 DEBUG 10844 --- [api-gateway] [freshExecutor-0] o.s.c.g.r.RouteDefinitionRouteLocator    : RouteDefinition matched: PLATFORMEBACK-OPENAPI
2026-03-05T00:38:15.069+01:00 DEBUG 10844 --- [api-gateway] [freshExecutor-0] o.s.c.g.r.RouteDefinitionRouteLocator    : RouteDefinition COMMUNITY-SERVICE-OPENAPI applying {_genkey_0=/community-service/v3/api-docs} to Path
2026-03-05T00:38:15.070+01:00 DEBUG 10844 --- [api-gateway] [freshExecutor-0] o.s.c.g.r.RouteDefinitionRouteLocator    : RouteDefinition COMMUNITY-SERVICE-OPENAPI applying filter {_genkey_0=Access-Control-Allow-Credentials Access-Control-Allow-Origin Access-Control-Expose-Headers Vary} to DedupeResponseHeader
2026-03-05T00:38:15.070+01:00 DEBUG 10844 --- [api-gateway] [freshExecutor-0] o.s.c.g.r.RouteDefinitionRouteLocator    : RouteDefinition COMMUNITY-SERVICE-OPENAPI applying filter {_genkey_0=/api-docs} to SetPath
2026-03-05T00:38:15.071+01:00 DEBUG 10844 --- [api-gateway] [freshExecutor-0] o.s.c.g.r.RouteDefinitionRouteLocator    : RouteDefinition matched: COMMUNITY-SERVICE-OPENAPI
2026-03-05T00:38:15.071+01:00 DEBUG 10844 --- [api-gateway] [freshExecutor-0] o.s.c.g.r.RouteDefinitionRouteLocator    : RouteDefinition PLATFORMEBACK-USERS-COMPAT applying {_genkey_0=/users/**} to Path
2026-03-05T00:38:15.072+01:00 DEBUG 10844 --- [api-gateway] [freshExecutor-0] o.s.c.g.r.RouteDefinitionRouteLocator    : RouteDefinition PLATFORMEBACK-USERS-COMPAT applying filter {_genkey_0=Access-Control-Allow-Credentials Access-Control-Allow-Origin Access-Control-Expose-Headers Vary} to DedupeResponseHeader
2026-03-05T00:38:15.072+01:00 DEBUG 10844 --- [api-gateway] [freshExecutor-0] o.s.c.g.r.RouteDefinitionRouteLocator    : RouteDefinition PLATFORMEBACK-USERS-COMPAT applying filter {_genkey_0=/users/(?<segment>.*), _genkey_1=/api/users/${segment}} to RewritePath
2026-03-05T00:38:15.073+01:00 DEBUG 10844 --- [api-gateway] [freshExecutor-0] o.s.c.g.r.RouteDefinitionRouteLocator    : RouteDefinition matched: PLATFORMEBACK-USERS-COMPAT
2026-03-05T00:38:32.244+01:00 DEBUG 10844 --- [api-gateway] [tor-http-nio-11] o.s.c.g.h.RoutePredicateHandlerMapping   : Route matched: community-service
2026-03-05T00:38:32.245+01:00 DEBUG 10844 --- [api-gateway] [tor-http-nio-11] o.s.c.g.h.RoutePredicateHandlerMapping   : Mapping [Exchange: GET http://localhost:8081/api/community/messages/conversation/1] to Route{id='community-service', uri=http://localhost:8082, order=0, predicate=Paths: [/api/community/**], match trailing slash: true, gatewayFilters=[[[DedupeResponseHeader Access-Control-Allow-Credentials Access-Control-Allow-Origin Access-Control-Expose-Headers Vary = RETAIN_FIRST], order = 1], [[RewritePath /api/community/(?<segment>.*) = '/api/${segment}'], order = 1]], metadata={}}
2026-03-05T00:38:32.245+01:00 DEBUG 10844 --- [api-gateway] [tor-http-nio-11] o.s.c.g.h.RoutePredicateHandlerMapping   : [59feba74-8] Mapped to org.springframework.cloud.gateway.handler.FilteringWebHandler@6414ee52
2026-03-05T00:38:32.245+01:00 DEBUG 10844 --- [api-gateway] [tor-http-nio-11] o.s.c.g.handler.FilteringWebHandler      : Sorted gatewayFilterFactories: [[GatewayFilterAdapter{delegate=org.springframework.cloud.gateway.filter.RemoveCachedBodyFilter@7742a45c}, order = -2147483648], [GatewayFilterAdapter{delegate=org.springframework.cloud.gateway.filter.AdaptCachedBodyGlobalFilter@380ce5a3}, order = -2147482648], [GatewayFilterAdapter{delegate=org.springframework.cloud.gateway.filter.NettyWriteResponseFilter@d5e575c}, order = -1], [GatewayFilterAdapter{delegate=org.springframework.cloud.gateway.filter.ForwardPathFilter@7ed49a7f}, order = 0], [[DedupeResponseHeader Access-Control-Allow-Credentials Access-Control-Allow-Origin Access-Control-Expose-Headers Vary = RETAIN_FIRST], order = 1], [[RewritePath /api/community/(?<segment>.*) = '/api/${segment}'], order = 1], [GatewayFilterAdapter{delegate=org.springframework.cloud.gateway.filter.RouteToRequestUrlFilter@7ca492d9}, order = 10000], [GatewayFilterAdapter{delegate=org.springframework.cloud.gateway.filter.ReactiveLoadBalancerClientFilter@61037caf}, order = 10150], [GatewayFilterAdapter{delegate=org.springframework.cloud.gateway.filter.LoadBalancerServiceInstanceCookieFilter@2fc49538}, order = 10151], [GatewayFilterAdapter{delegate=org.springframework.cloud.gateway.filter.WebsocketRoutingFilter@1cd6b1bd}, order = 2147483646], [GatewayFilterAdapter{delegate=org.springframework.cloud.gateway.filter.NettyRoutingFilter@670342a2}, order = 2147483647], [GatewayFilterAdapter{delegate=org.springframework.cloud.gateway.filter.ForwardRoutingFilter@14fc9bd}, order = 2147483647]]
2026-03-05T00:38:45.097+01:00 DEBUG 10844 --- [api-gateway] [freshExecutor-0] o.s.c.g.r.RouteDefinitionRouteLocator    : RouteDefinition PLATFORMEBACK applying {_genkey_0=/api/users/**} to Path
2026-03-05T00:38:45.098+01:00 DEBUG 10844 --- [api-gateway] [freshExecutor-0] o.s.c.g.r.RouteDefinitionRouteLocator    : RouteDefinition PLATFORMEBACK applying filter {_genkey_0=Access-Control-Allow-Credentials Access-Control-Allow-Origin Access-Control-Expose-Headers Vary} to DedupeResponseHeader
2026-03-05T00:38:45.099+01:00 DEBUG 10844 --- [api-gateway] [freshExecutor-0] o.s.c.g.r.RouteDefinitionRouteLocator    : RouteDefinition matched: PLATFORMEBACK
2026-03-05T00:38:45.099+01:00 DEBUG 10844 --- [api-gateway] [freshExecutor-0] o.s.c.g.r.RouteDefinitionRouteLocator    : RouteDefinition community-service applying {_genkey_0=/api/community/**} to Path
2026-03-05T00:38:45.100+01:00 DEBUG 10844 --- [api-gateway] [freshExecutor-0] o.s.c.g.r.RouteDefinitionRouteLocator    : RouteDefinition community-service applying filter {_genkey_0=Access-Control-Allow-Credentials Access-Control-Allow-Origin Access-Control-Expose-Headers Vary} to DedupeResponseHeader
2026-03-05T00:38:45.101+01:00 DEBUG 10844 --- [api-gateway] [freshExecutor-0] o.s.c.g.r.RouteDefinitionRouteLocator    : RouteDefinition community-service applying filter {_genkey_0=/api/community/(?<segment>.*), _genkey_1=/api/${segment}} to RewritePath
2026-03-05T00:38:45.101+01:00 DEBUG 10844 --- [api-gateway] [freshExecutor-0] o.s.c.g.r.RouteDefinitionRouteLocator    : RouteDefinition matched: community-service
2026-03-05T00:38:45.101+01:00 DEBUG 10844 --- [api-gateway] [freshExecutor-0] o.s.c.g.r.RouteDefinitionRouteLocator    : RouteDefinition PLATFORMEBACK-AUTH-API applying {_genkey_0=/api/auth/**} to Path
2026-03-05T00:38:45.102+01:00 DEBUG 10844 --- [api-gateway] [freshExecutor-0] o.s.c.g.r.RouteDefinitionRouteLocator    : RouteDefinition PLATFORMEBACK-AUTH-API applying filter {_genkey_0=Access-Control-Allow-Credentials Access-Control-Allow-Origin Access-Control-Expose-Headers Vary} to DedupeResponseHeader
2026-03-05T00:38:45.102+01:00 DEBUG 10844 --- [api-gateway] [freshExecutor-0] o.s.c.g.r.RouteDefinitionRouteLocator    : RouteDefinition matched: PLATFORMEBACK-AUTH-API
2026-03-05T00:38:45.102+01:00 DEBUG 10844 --- [api-gateway] [freshExecutor-0] o.s.c.g.r.RouteDefinitionRouteLocator    : RouteDefinition PLATFORMEBACK-AUTH-COMPAT applying {_genkey_0=/auth/**} to Path
2026-03-05T00:38:45.103+01:00 DEBUG 10844 --- [api-gateway] [freshExecutor-0] o.s.c.g.r.RouteDefinitionRouteLocator    : RouteDefinition PLATFORMEBACK-AUTH-COMPAT applying filter {_genkey_0=Access-Control-Allow-Credentials Access-Control-Allow-Origin Access-Control-Expose-Headers Vary} to DedupeResponseHeader
2026-03-05T00:38:45.104+01:00 DEBUG 10844 --- [api-gateway] [freshExecutor-0] o.s.c.g.r.RouteDefinitionRouteLocator    : RouteDefinition PLATFORMEBACK-AUTH-COMPAT applying filter {_genkey_0=/auth/(?<segment>.*), _genkey_1=/api/auth/${segment}} to RewritePath
2026-03-05T00:38:45.104+01:00 DEBUG 10844 --- [api-gateway] [freshExecutor-0] o.s.c.g.r.RouteDefinitionRouteLocator    : RouteDefinition matched: PLATFORMEBACK-AUTH-COMPAT
2026-03-05T00:38:45.104+01:00 DEBUG 10844 --- [api-gateway] [freshExecutor-0] o.s.c.g.r.RouteDefinitionRouteLocator    : RouteDefinition PLATFORMEBACK-OPENAPI applying {_genkey_0=/platformeback/v3/api-docs} to Path
2026-03-05T00:38:45.105+01:00 DEBUG 10844 --- [api-gateway] [freshExecutor-0] o.s.c.g.r.RouteDefinitionRouteLocator    : RouteDefinition PLATFORMEBACK-OPENAPI applying filter {_genkey_0=Access-Control-Allow-Credentials Access-Control-Allow-Origin Access-Control-Expose-Headers Vary} to DedupeResponseHeader
2026-03-05T00:38:45.106+01:00 DEBUG 10844 --- [api-gateway] [freshExecutor-0] o.s.c.g.r.RouteDefinitionRouteLocator    : RouteDefinition PLATFORMEBACK-OPENAPI applying filter {_genkey_0=/v3/api-docs} to SetPath
2026-03-05T00:38:45.107+01:00 DEBUG 10844 --- [api-gateway] [freshExecutor-0] o.s.c.g.r.RouteDefinitionRouteLocator    : RouteDefinition matched: PLATFORMEBACK-OPENAPI
2026-03-05T00:38:45.107+01:00 DEBUG 10844 --- [api-gateway] [freshExecutor-0] o.s.c.g.r.RouteDefinitionRouteLocator    : RouteDefinition COMMUNITY-SERVICE-OPENAPI applying {_genkey_0=/community-service/v3/api-docs} to Path
2026-03-05T00:38:45.107+01:00 DEBUG 10844 --- [api-gateway] [freshExecutor-0] o.s.c.g.r.RouteDefinitionRouteLocator    : RouteDefinition COMMUNITY-SERVICE-OPENAPI applying filter {_genkey_0=Access-Control-Allow-Credentials Access-Control-Allow-Origin Access-Control-Expose-Headers Vary} to DedupeResponseHeader
2026-03-05T00:38:45.108+01:00 DEBUG 10844 --- [api-gateway] [freshExecutor-0] o.s.c.g.r.RouteDefinitionRouteLocator    : RouteDefinition COMMUNITY-SERVICE-OPENAPI applying filter {_genkey_0=/api-docs} to SetPath
2026-03-05T00:38:45.108+01:00 DEBUG 10844 --- [api-gateway] [freshExecutor-0] o.s.c.g.r.RouteDefinitionRouteLocator    : RouteDefinition matched: COMMUNITY-SERVICE-OPENAPI
2026-03-05T00:38:45.109+01:00 DEBUG 10844 --- [api-gateway] [freshExecutor-0] o.s.c.g.r.RouteDefinitionRouteLocator    : RouteDefinition PLATFORMEBACK-USERS-COMPAT applying {_genkey_0=/users/**} to Path
2026-03-05T00:38:45.109+01:00 DEBUG 10844 --- [api-gateway] [freshExecutor-0] o.s.c.g.r.RouteDefinitionRouteLocator    : RouteDefinition PLATFORMEBACK-USERS-COMPAT applying filter {_genkey_0=Access-Control-Allow-Credentials Access-Control-Allow-Origin Access-Control-Expose-Headers Vary} to DedupeResponseHeader
2026-03-05T00:38:45.109+01:00 DEBUG 10844 --- [api-gateway] [freshExecutor-0] o.s.c.g.r.RouteDefinitionRouteLocator    : RouteDefinition PLATFORMEBACK-USERS-COMPAT applying filter {_genkey_0=/users/(?<segment>.*), _genkey_1=/api/users/${segment}} to RewritePath
2026-03-05T00:38:45.110+01:00 DEBUG 10844 --- [api-gateway] [freshExecutor-0] o.s.c.g.r.RouteDefinitionRouteLocator    : RouteDefinition matched: PLATFORMEBACK-USERS-COMPAT
2026-03-05T00:39:15.148+01:00 DEBUG 10844 --- [api-gateway] [freshExecutor-0] o.s.c.g.r.RouteDefinitionRouteLocator    : RouteDefinition PLATFORMEBACK applying {_genkey_0=/api/users/**} to Path
2026-03-05T00:39:15.150+01:00 DEBUG 10844 --- [api-gateway] [freshExecutor-0] o.s.c.g.r.RouteDefinitionRouteLocator    : RouteDefinition PLATFORMEBACK applying filter {_genkey_0=Access-Control-Allow-Credentials Access-Control-Allow-Origin Access-Control-Expose-Headers Vary} to DedupeResponseHeader
2026-03-05T00:39:15.152+01:00 DEBUG 10844 --- [api-gateway] [freshExecutor-0] o.s.c.g.r.RouteDefinitionRouteLocator    : RouteDefinition matched: PLATFORMEBACK
2026-03-05T00:39:15.152+01:00 DEBUG 10844 --- [api-gateway] [freshExecutor-0] o.s.c.g.r.RouteDefinitionRouteLocator    : RouteDefinition community-service applying {_genkey_0=/api/community/**} to Path
2026-03-05T00:39:15.154+01:00 DEBUG 10844 --- [api-gateway] [freshExecutor-0] o.s.c.g.r.RouteDefinitionRouteLocator    : RouteDefinition community-service applying filter {_genkey_0=Access-Control-Allow-Credentials Access-Control-Allow-Origin Access-Control-Expose-Headers Vary} to DedupeResponseHeader
2026-03-05T00:39:15.155+01:00 DEBUG 10844 --- [api-gateway] [freshExecutor-0] o.s.c.g.r.RouteDefinitionRouteLocator    : RouteDefinition community-service applying filter {_genkey_0=/api/community/(?<segment>.*), _genkey_1=/api/${segment}} to RewritePath
2026-03-05T00:39:15.156+01:00 DEBUG 10844 --- [api-gateway] [freshExecutor-0] o.s.c.g.r.RouteDefinitionRouteLocator    : RouteDefinition matched: community-service
2026-03-05T00:39:15.157+01:00 DEBUG 10844 --- [api-gateway] [freshExecutor-0] o.s.c.g.r.RouteDefinitionRouteLocator    : RouteDefinition PLATFORMEBACK-AUTH-API applying {_genkey_0=/api/auth/**} to Path
2026-03-05T00:39:15.158+01:00 DEBUG 10844 --- [api-gateway] [freshExecutor-0] o.s.c.g.r.RouteDefinitionRouteLocator    : RouteDefinition PLATFORMEBACK-AUTH-API applying filter {_genkey_0=Access-Control-Allow-Credentials Access-Control-Allow-Origin Access-Control-Expose-Headers Vary} to DedupeResponseHeader
2026-03-05T00:39:15.159+01:00 DEBUG 10844 --- [api-gateway] [freshExecutor-0] o.s.c.g.r.RouteDefinitionRouteLocator    : RouteDefinition matched: PLATFORMEBACK-AUTH-API
2026-03-05T00:39:15.160+01:00 DEBUG 10844 --- [api-gateway] [freshExecutor-0] o.s.c.g.r.RouteDefinitionRouteLocator    : RouteDefinition PLATFORMEBACK-AUTH-COMPAT applying {_genkey_0=/auth/**} to Path
2026-03-05T00:39:15.161+01:00 DEBUG 10844 --- [api-gateway] [freshExecutor-0] o.s.c.g.r.RouteDefinitionRouteLocator    : RouteDefinition PLATFORMEBACK-AUTH-COMPAT applying filter {_genkey_0=Access-Control-Allow-Credentials Access-Control-Allow-Origin Access-Control-Expose-Headers Vary} to DedupeResponseHeader
2026-03-05T00:39:15.162+01:00 DEBUG 10844 --- [api-gateway] [freshExecutor-0] o.s.c.g.r.RouteDefinitionRouteLocator    : RouteDefinition PLATFORMEBACK-AUTH-COMPAT applying filter {_genkey_0=/auth/(?<segment>.*), _genkey_1=/api/auth/${segment}} to RewritePath
2026-03-05T00:39:15.163+01:00 DEBUG 10844 --- [api-gateway] [freshExecutor-0] o.s.c.g.r.RouteDefinitionRouteLocator    : RouteDefinition matched: PLATFORMEBACK-AUTH-COMPAT
2026-03-05T00:39:15.164+01:00 DEBUG 10844 --- [api-gateway] [freshExecutor-0] o.s.c.g.r.RouteDefinitionRouteLocator    : RouteDefinition PLATFORMEBACK-OPENAPI applying {_genkey_0=/platformeback/v3/api-docs} to Path
2026-03-05T00:39:15.165+01:00 DEBUG 10844 --- [api-gateway] [freshExecutor-0] o.s.c.g.r.RouteDefinitionRouteLocator    : RouteDefinition PLATFORMEBACK-OPENAPI applying filter {_genkey_0=Access-Control-Allow-Credentials Access-Control-Allow-Origin Access-Control-Expose-Headers Vary} to DedupeResponseHeader
2026-03-05T00:39:15.166+01:00 DEBUG 10844 --- [api-gateway] [freshExecutor-0] o.s.c.g.r.RouteDefinitionRouteLocator    : RouteDefinition PLATFORMEBACK-OPENAPI applying filter {_genkey_0=/v3/api-docs} to SetPath
2026-03-05T00:39:15.168+01:00 DEBUG 10844 --- [api-gateway] [freshExecutor-0] o.s.c.g.r.RouteDefinitionRouteLocator    : RouteDefinition matched: PLATFORMEBACK-OPENAPI
2026-03-05T00:39:15.168+01:00 DEBUG 10844 --- [api-gateway] [freshExecutor-0] o.s.c.g.r.RouteDefinitionRouteLocator    : RouteDefinition COMMUNITY-SERVICE-OPENAPI applying {_genkey_0=/community-service/v3/api-docs} to Path
2026-03-05T00:39:15.169+01:00 DEBUG 10844 --- [api-gateway] [freshExecutor-0] o.s.c.g.r.RouteDefinitionRouteLocator    : RouteDefinition COMMUNITY-SERVICE-OPENAPI applying filter {_genkey_0=Access-Control-Allow-Credentials Access-Control-Allow-Origin Access-Control-Expose-Headers Vary} to DedupeResponseHeader
2026-03-05T00:39:15.170+01:00 DEBUG 10844 --- [api-gateway] [freshExecutor-0] o.s.c.g.r.RouteDefinitionRouteLocator    : RouteDefinition COMMUNITY-SERVICE-OPENAPI applying filter {_genkey_0=/api-docs} to SetPath
2026-03-05T00:39:15.171+01:00 DEBUG 10844 --- [api-gateway] [freshExecutor-0] o.s.c.g.r.RouteDefinitionRouteLocator    : RouteDefinition matched: COMMUNITY-SERVICE-OPENAPI
2026-03-05T00:39:15.171+01:00 DEBUG 10844 --- [api-gateway] [freshExecutor-0] o.s.c.g.r.RouteDefinitionRouteLocator    : RouteDefinition PLATFORMEBACK-USERS-COMPAT applying {_genkey_0=/users/**} to Path
2026-03-05T00:39:15.173+01:00 DEBUG 10844 --- [api-gateway] [freshExecutor-0] o.s.c.g.r.RouteDefinitionRouteLocator    : RouteDefinition PLATFORMEBACK-USERS-COMPAT applying filter {_genkey_0=Access-Control-Allow-Credentials Access-Control-Allow-Origin Access-Control-Expose-Headers Vary} to DedupeResponseHeader
2026-03-05T00:39:15.174+01:00 DEBUG 10844 --- [api-gateway] [freshExecutor-0] o.s.c.g.r.RouteDefinitionRouteLocator    : RouteDefinition PLATFORMEBACK-USERS-COMPAT applying filter {_genkey_0=/users/(?<segment>.*), _genkey_1=/api/users/${segment}} to RewritePath
2026-03-05T00:39:15.176+01:00 DEBUG 10844 --- [api-gateway] [freshExecutor-0] o.s.c.g.r.RouteDefinitionRouteLocator    : RouteDefinition matched: PLATFORMEBACK-USERS-COMPAT
